// Jest Snapshot v1, https://goo.gl/fbAQLP

exports[`Master Data Vehicle Brand Can get master data Vehicle Brand successfully - positive test cases 1`] = `
Object {
  "acknowledge": 1,
  "branch": Array [],
  "build": "0",
  "district": Array [],
  "hobbies": Array [],
  "holidayCalendar": Array [],
  "jobService": Array [],
  "jobServiceCompany": Array [],
  "location": Array [],
  "parameterConfigApplication": Array [],
  "province": Array [],
  "region": Array [],
  "vehicleBrand": Array [
    Object {
      "id": 77,
      "isActive": true,
      "vehicleBrandCode": "DAIHATSU",
      "vehicleDescription": "Terios",
      "vehicleType": "TERIOS",
    },
    Object {
      "id": 78,
      "isActive": true,
      "vehicleBrandCode": "DAIHATSU",
      "vehicleDescription": "Ayla",
      "vehicleType": "AYLA",
    },
    Object {
      "id": 79,
      "isActive": true,
      "vehicleBrandCode": "DAIHATSU",
      "vehicleDescription": "Xenia",
      "vehicleType": "XENIA",
    },
    Object {
      "id": 80,
      "isActive": true,
      "vehicleBrandCode": "DAIHATSU",
      "vehicleDescription": "Sirion",
      "vehicleType": "SIRION",
    },
    Object {
      "id": 87,
      "isActive": true,
      "vehicleBrandCode": "DAIHATSU",
      "vehicleDescription": "GRANMAX 1.3",
      "vehicleType": "GRANMAX1.3",
    },
    Object {
      "id": 88,
      "isActive": true,
      "vehicleBrandCode": "DAIHATSU",
      "vehicleDescription": "GRANMAX 1.5",
      "vehicleType": "GRANMAX1.5",
    },
    Object {
      "id": 89,
      "isActive": true,
      "vehicleBrandCode": "DAIHATSU",
      "vehicleDescription": "SIGRA 1.0",
      "vehicleType": "SIGRA 1.0",
    },
    Object {
      "id": 90,
      "isActive": true,
      "vehicleBrandCode": "DAIHATSU",
      "vehicleDescription": "SIGRA 1.2",
      "vehicleType": "SIGRA 1.2",
    },
    Object {
      "id": 91,
      "isActive": true,
      "vehicleBrandCode": "DAIHATSU",
      "vehicleDescription": "XENIA 1.0",
      "vehicleType": "XENIA1.0",
    },
    Object {
      "id": 92,
      "isActive": true,
      "vehicleBrandCode": "DAIHATSU",
      "vehicleDescription": "XENIA 1.3",
      "vehicleType": "XENIA1.3",
    },
    Object {
      "id": 93,
      "isActive": true,
      "vehicleBrandCode": "DAIHATSU",
      "vehicleDescription": "LUXIO",
      "vehicleType": "LUXIO",
    },
    Object {
      "id": 111,
      "isActive": true,
      "vehicleBrandCode": "DAIHATSU",
      "vehicleDescription": "GRANMAX",
      "vehicleType": "GRANMAX",
    },
    Object {
      "id": 117,
      "isActive": true,
      "vehicleBrandCode": "DAIHATSU",
      "vehicleDescription": "XENIA 1.0",
      "vehicleType": "XENIA 1.0",
    },
    Object {
      "id": 118,
      "isActive": true,
      "vehicleBrandCode": "DAIHATSU",
      "vehicleDescription": "XENIA 1.3",
      "vehicleType": "XENIA 1.3",
    },
    Object {
      "id": 122,
      "isActive": true,
      "vehicleBrandCode": "DAIHATSU",
      "vehicleDescription": "Coba2",
      "vehicleType": "Coba2",
    },
    Object {
      "id": 221,
      "isActive": true,
      "vehicleBrandCode": "DAIHATSU",
      "vehicleDescription": "TERIOS A.T",
      "vehicleType": "TERIOS A.T",
    },
    Object {
      "id": 222,
      "isActive": true,
      "vehicleBrandCode": "DAIHATSU",
      "vehicleDescription": "TERIOS M.T",
      "vehicleType": "TERIOS M.T",
    },
    Object {
      "id": 223,
      "isActive": true,
      "vehicleBrandCode": "DAIHATSU",
      "vehicleDescription": "AYLA M.T",
      "vehicleType": "AYLA M.T",
    },
    Object {
      "id": 224,
      "isActive": true,
      "vehicleBrandCode": "DAIHATSU",
      "vehicleDescription": "AYLA A.T",
      "vehicleType": "AYLA A.T",
    },
    Object {
      "id": 225,
      "isActive": true,
      "vehicleBrandCode": "DAIHATSU",
      "vehicleDescription": "SIGRA M.T",
      "vehicleType": "SIGRA M.T",
    },
    Object {
      "id": 226,
      "isActive": true,
      "vehicleBrandCode": "DAIHATSU",
      "vehicleDescription": "SIGRA A.T",
      "vehicleType": "SIGRA A.T",
    },
    Object {
      "id": 229,
      "isActive": true,
      "vehicleBrandCode": "DAIHATSU",
      "vehicleDescription": "OTHERS",
      "vehicleType": "OTHERS",
    },
    Object {
      "id": 123,
      "isActive": true,
      "vehicleBrandCode": "DAIHATSU",
      "vehicleDescription": "COBA Standart 3",
      "vehicleType": "Coba3",
    },
  ],
  "vehicleTestDrive": Array [],
  "version": "1.0",
}
`;
