// Jest Snapshot v1, https://goo.gl/fbAQLP

exports[`Master Data Region Can get master data Region successfully - positive test cases 1`] = `
Object {
  "acknowledge": 1,
  "branch": Array [],
  "build": "0",
  "district": Array [],
  "hobbies": Array [],
  "holidayCalendar": Array [],
  "jobService": Array [],
  "jobServiceCompany": Array [],
  "location": Array [],
  "parameterConfigApplication": Array [],
  "province": Array [],
  "region": Array [
    Object {
      "id": 42,
      "regionCode": "D01",
      "regionName": "DKI Jakarta",
      "salesOrganization": "0003",
    },
    Object {
      "id": 44,
      "regionCode": "D02",
      "regionName": "Jawa Barat",
      "salesOrganization": "0003",
    },
    Object {
      "id": 45,
      "regionCode": "D03",
      "regionName": "Jawa Tengah",
      "salesOrganization": "0003",
    },
    Object {
      "id": 46,
      "regionCode": "D04",
      "regionName": "Jawa Timur",
      "salesOrganization": "0003",
    },
    Object {
      "id": 47,
      "regionCode": "D05",
      "regionName": "DI Yogyakarta",
      "salesOrganization": "0003",
    },
    Object {
      "id": 48,
      "regionCode": "D06",
      "regionName": "NAD",
      "salesOrganization": "0003",
    },
    Object {
      "id": 49,
      "regionCode": "D07",
      "regionName": "Sumatera Utara",
      "salesOrganization": "0003",
    },
    Object {
      "id": 50,
      "regionCode": "D08",
      "regionName": "Sumatera Barat",
      "salesOrganization": "0003",
    },
    Object {
      "id": 51,
      "regionCode": "D09",
      "regionName": "Riau",
      "salesOrganization": "0003",
    },
    Object {
      "id": 52,
      "regionCode": "D10",
      "regionName": "Jambi",
      "salesOrganization": "0003",
    },
    Object {
      "id": 53,
      "regionCode": "D11",
      "regionName": "Sumatera Selatan",
      "salesOrganization": "0003",
    },
    Object {
      "id": 54,
      "regionCode": "D12",
      "regionName": "Bengkulu",
      "salesOrganization": "0003",
    },
    Object {
      "id": 55,
      "regionCode": "D13",
      "regionName": "Lampung",
      "salesOrganization": "0003",
    },
    Object {
      "id": 56,
      "regionCode": "D14",
      "regionName": "Kalimantan Selatan",
      "salesOrganization": "0003",
    },
    Object {
      "id": 57,
      "regionCode": "D15",
      "regionName": "Kalimantan Barat",
      "salesOrganization": "0003",
    },
    Object {
      "id": 58,
      "regionCode": "D16",
      "regionName": "Kalimantan Tengah",
      "salesOrganization": "0003",
    },
    Object {
      "id": 59,
      "regionCode": "D17",
      "regionName": "Kalimantan Timur",
      "salesOrganization": "0003",
    },
    Object {
      "id": 60,
      "regionCode": "D18",
      "regionName": "Sulawesi Selatan",
      "salesOrganization": "0003",
    },
    Object {
      "id": 61,
      "regionCode": "D19",
      "regionName": "Sulawesi Tenggara",
      "salesOrganization": "0003",
    },
    Object {
      "id": 62,
      "regionCode": "D20",
      "regionName": "Sulawesi Tengah",
      "salesOrganization": "0003",
    },
    Object {
      "id": 63,
      "regionCode": "D21",
      "regionName": "Sulawesi Utara",
      "salesOrganization": "0003",
    },
    Object {
      "id": 64,
      "regionCode": "D22",
      "regionName": "Bali",
      "salesOrganization": "0003",
    },
    Object {
      "id": 65,
      "regionCode": "D23",
      "regionName": "Nusa Tenggara Barat",
      "salesOrganization": "0003",
    },
    Object {
      "id": 66,
      "regionCode": "D24",
      "regionName": "Nusa Tenggara Timur",
      "salesOrganization": "0003",
    },
    Object {
      "id": 67,
      "regionCode": "D25",
      "regionName": "Maluku",
      "salesOrganization": "0003",
    },
    Object {
      "id": 68,
      "regionCode": "D26",
      "regionName": "Papua",
      "salesOrganization": "0003",
    },
    Object {
      "id": 69,
      "regionCode": "D27",
      "regionName": "Timor Timur",
      "salesOrganization": "0003",
    },
    Object {
      "id": 70,
      "regionCode": "D28",
      "regionName": "Banten",
      "salesOrganization": "0003",
    },
    Object {
      "id": 71,
      "regionCode": "D29",
      "regionName": "Irian Jaya Timur",
      "salesOrganization": "0003",
    },
    Object {
      "id": 72,
      "regionCode": "D30",
      "regionName": "Irian Jaya Tengah",
      "salesOrganization": "0003",
    },
    Object {
      "id": 73,
      "regionCode": "D31",
      "regionName": "Maluku Utara",
      "salesOrganization": "0003",
    },
    Object {
      "id": 74,
      "regionCode": "D32",
      "regionName": "Kep. Bangka Belitung",
      "salesOrganization": "0003",
    },
    Object {
      "id": 75,
      "regionCode": "D33",
      "regionName": "Kepulauan Riau",
      "salesOrganization": "0003",
    },
    Object {
      "id": 76,
      "regionCode": "D34",
      "regionName": "Sulawesi Barat",
      "salesOrganization": "0003",
    },
    Object {
      "id": 77,
      "regionCode": "D35",
      "regionName": "Gorontalo",
      "salesOrganization": "0003",
    },
    Object {
      "id": 78,
      "regionCode": "D36",
      "regionName": "Irian Jaya Barat",
      "salesOrganization": "0003",
    },
    Object {
      "id": 79,
      "regionCode": "D37",
      "regionName": "Papua Barat",
      "salesOrganization": "0003",
    },
    Object {
      "id": 80,
      "regionCode": "D364",
      "regionName": "DSO Yogya Mataram",
      "salesOrganization": "0003",
    },
    Object {
      "id": 81,
      "regionCode": "D066",
      "regionName": "DSO BSD",
      "salesOrganization": "0003",
    },
    Object {
      "id": 144,
      "regionCode": "D38",
      "regionName": "DKI 1",
      "salesOrganization": "0003",
    },
    Object {
      "id": 146,
      "regionCode": "D39",
      "regionName": "DKI 2",
      "salesOrganization": "0003",
    },
    Object {
      "id": 147,
      "regionCode": "40",
      "regionName": "Kalimantan",
      "salesOrganization": "0003",
    },
    Object {
      "id": 148,
      "regionCode": "41",
      "regionName": "Sumatera",
      "salesOrganization": "0003",
    },
    Object {
      "id": 149,
      "regionCode": "42",
      "regionName": "IBT",
      "salesOrganization": "0003",
    },
  ],
  "vehicleBrand": Array [],
  "vehicleTestDrive": Array [],
  "version": "1.0",
}
`;
