// Jest Snapshot v1, https://goo.gl/fbAQLP

exports[`Master Data Branch Can get master data Branch successfully - positive test cases 1`] = `
Object {
  "acknowledge": 1,
  "branch": Array [
    Object {
      "address": "Jl. Hasyim Ashari No. 42 , Roxy Jakarta Pusat",
      "bookType": 0,
      "branchCode": "D006",
      "branchDescription": "Astra Daihatsu Roxy",
      "branchEmailCc": "",
      "branchEmailTo": "",
      "branchPICName": "",
      "branchTypeCode": "DV",
      "companyCode": "0003",
      "distance": 0,
      "districtId": 548,
      "districtName": "Jakarta Pusat",
      "fax": "",
      "hasBookingStall": false,
      "id": 23021,
      "isActive": false,
      "isMainDealer": false,
      "latitude": 0,
      "longitude": 0,
      "mondayToFriday": "",
      "phone1": "",
      "phone2": "",
      "postalCode": "",
      "regionName": "DKI 1 ",
      "saturday": "",
      "sunday": "",
      "webSiteLink": "",
    },
    Object {
      "address": "Jl. Pemuda Ruko Grahamas Blok AA No. 8-9 Pemuda Raya, Jakarta Timur",
      "bookType": 0,
      "branchCode": "D113",
      "branchDescription": "Astra Daihatsu Pemuda ",
      "branchEmailCc": "",
      "branchEmailTo": "",
      "branchPICName": "",
      "branchTypeCode": "DV",
      "companyCode": "0003",
      "distance": 0,
      "districtId": 547,
      "districtName": "KOTA JAKARTA TIMUR",
      "fax": "",
      "hasBookingStall": false,
      "id": 23026,
      "isActive": false,
      "isMainDealer": false,
      "latitude": 0,
      "longitude": 0,
      "mondayToFriday": "",
      "phone1": "",
      "phone2": "",
      "postalCode": "",
      "regionName": "DKI 2",
      "saturday": "",
      "sunday": "",
      "webSiteLink": "",
    },
    Object {
      "address": "Jl. Balikpapan No. 8, Jakarta Pusat",
      "bookType": 0,
      "branchCode": "D150",
      "branchDescription": "Astra Daihatsu Harmoni",
      "branchEmailCc": "",
      "branchEmailTo": "",
      "branchPICName": "",
      "branchTypeCode": "DV",
      "companyCode": "0003",
      "distance": 0,
      "districtId": 548,
      "districtName": "KOTA JAKARTA PUSAT",
      "fax": "",
      "hasBookingStall": false,
      "id": 23027,
      "isActive": false,
      "isMainDealer": false,
      "latitude": 0,
      "longitude": 0,
      "mondayToFriday": "",
      "phone1": "",
      "phone2": "",
      "postalCode": "",
      "regionName": "DKI 1 ",
      "saturday": "",
      "sunday": "",
      "webSiteLink": "",
    },
    Object {
      "address": "Jl. Senen Raya No. 64 Jakarta Pusat ",
      "bookType": 0,
      "branchCode": "D163",
      "branchDescription": "Astra Daihatsu Senen",
      "branchEmailCc": "",
      "branchEmailTo": "",
      "branchPICName": "",
      "branchTypeCode": "DV",
      "companyCode": "0003",
      "distance": 0,
      "districtId": 548,
      "districtName": "KOTA JAKARTA PUSAT",
      "fax": "",
      "hasBookingStall": false,
      "id": 23028,
      "isActive": false,
      "isMainDealer": false,
      "latitude": 0,
      "longitude": 0,
      "mondayToFriday": "",
      "phone1": "",
      "phone2": "",
      "postalCode": "",
      "regionName": "DKI 1 ",
      "saturday": "",
      "sunday": "",
      "webSiteLink": "",
    },
    Object {
      "address": "Jl. Raya Bandung Cianjur No. 104,Kp. Sadewata, RT.02/03, Desa Bojong, Cianjur",
      "bookType": 0,
      "branchCode": "D262",
      "branchDescription": "Astra Daihatsu Cianjur",
      "branchEmailCc": "",
      "branchEmailTo": "",
      "branchPICName": "",
      "branchTypeCode": "DV",
      "companyCode": "0003",
      "distance": 0,
      "districtId": 820,
      "districtName": "Cianjur",
      "fax": "",
      "hasBookingStall": false,
      "id": 23029,
      "isActive": false,
      "isMainDealer": false,
      "latitude": 0,
      "longitude": 0,
      "mondayToFriday": "",
      "phone1": "",
      "phone2": "",
      "postalCode": "",
      "regionName": "DKI 2",
      "saturday": "",
      "sunday": "",
      "webSiteLink": "",
    },
    Object {
      "address": "Jl. Raya KH.A.Sanusi 40A Ciseureuh, KP Ciseureuh RT/RW 01/02, Sukakarya, Sukabumi",
      "bookType": 0,
      "branchCode": "D263",
      "branchDescription": "Astra Daihatsu Sukabumi",
      "branchEmailCc": "",
      "branchEmailTo": "",
      "branchPICName": "",
      "branchTypeCode": "DV",
      "companyCode": "0003",
      "distance": 0,
      "districtId": 834,
      "districtName": "KOTA SUKABUMI",
      "fax": "",
      "hasBookingStall": false,
      "id": 23030,
      "isActive": false,
      "isMainDealer": false,
      "latitude": 0,
      "longitude": 0,
      "mondayToFriday": "",
      "phone1": "",
      "phone2": "",
      "postalCode": "",
      "regionName": "DKI 2",
      "saturday": "",
      "sunday": "",
      "webSiteLink": "",
    },
    Object {
      "address": "Jl. Raya Tajur No. 255 , Bogor",
      "bookType": 0,
      "branchCode": "D267",
      "branchDescription": "Astra Daihatsu Tajur",
      "branchEmailCc": "",
      "branchEmailTo": "",
      "branchPICName": "",
      "branchTypeCode": "DV",
      "companyCode": "0003",
      "distance": 0,
      "districtId": 818,
      "districtName": "Bogor",
      "fax": "",
      "hasBookingStall": false,
      "id": 23031,
      "isActive": false,
      "isMainDealer": false,
      "latitude": 0,
      "longitude": 0,
      "mondayToFriday": "",
      "phone1": "",
      "phone2": "",
      "postalCode": "",
      "regionName": "DKI 2",
      "saturday": "",
      "sunday": "",
      "webSiteLink": "",
    },
    Object {
      "address": "Jl. Bypass Ir. Soekarno Kel. Daun Peken Kec. Tabanan, Kota Bali",
      "bookType": 0,
      "branchCode": "D542",
      "branchDescription": "Astra Daihatsu Tabanan",
      "branchEmailCc": "",
      "branchEmailTo": "",
      "branchPICName": "",
      "branchTypeCode": "DV",
      "companyCode": "0003",
      "distance": 0,
      "districtId": 600,
      "districtName": "KABUPATEN TABANAN",
      "fax": "",
      "hasBookingStall": false,
      "id": 23032,
      "isActive": false,
      "isMainDealer": false,
      "latitude": 0,
      "longitude": 0,
      "mondayToFriday": "",
      "phone1": "",
      "phone2": "",
      "postalCode": "",
      "regionName": "Bali",
      "saturday": "",
      "sunday": "",
      "webSiteLink": "",
    },
    Object {
      "address": "Desa Bedulu, Kecamatan Blahbatuh, Gianyar",
      "bookType": 0,
      "branchCode": "D543",
      "branchDescription": "Astra Daihatsu Gianyar",
      "branchEmailCc": "",
      "branchEmailTo": "",
      "branchPICName": "",
      "branchTypeCode": "DV",
      "companyCode": "0003",
      "distance": 0,
      "districtId": 602,
      "districtName": "KABUPATEN GIANYAR",
      "fax": "",
      "hasBookingStall": false,
      "id": 23033,
      "isActive": false,
      "isMainDealer": false,
      "latitude": 0,
      "longitude": 0,
      "mondayToFriday": "",
      "phone1": "",
      "phone2": "",
      "postalCode": "",
      "regionName": "Bali",
      "saturday": "",
      "sunday": "",
      "webSiteLink": "",
    },
    Object {
      "address": "Jl. A.Yani, Desa Baktiseraga, Kec.Buleleng, Kab. Buleleng, Singaraja",
      "bookType": 0,
      "branchCode": "D545",
      "branchDescription": "Astra Daihatsu Singaraja",
      "branchEmailCc": "",
      "branchEmailTo": "",
      "branchPICName": "",
      "branchTypeCode": "DV",
      "companyCode": "0003",
      "distance": 0,
      "districtId": 606,
      "districtName": "KABUPATEN BULELENG",
      "fax": "",
      "hasBookingStall": false,
      "id": 23034,
      "isActive": false,
      "isMainDealer": false,
      "latitude": 0,
      "longitude": 0,
      "mondayToFriday": "",
      "phone1": "",
      "phone2": "",
      "postalCode": "",
      "regionName": "Bali",
      "saturday": "",
      "sunday": "",
      "webSiteLink": "",
    },
    Object {
      "address": "Jl. Veteran No. 175 ABC , Palembang",
      "bookType": 0,
      "branchCode": "D601",
      "branchDescription": "Astra Daihatsu Palembang Veteran",
      "branchEmailCc": "",
      "branchEmailTo": "",
      "branchPICName": "",
      "branchTypeCode": "DV",
      "companyCode": "0003",
      "distance": 0,
      "districtId": 533,
      "districtName": "KOTA PALEMBANG",
      "fax": "",
      "hasBookingStall": false,
      "id": 23035,
      "isActive": false,
      "isMainDealer": false,
      "latitude": 0,
      "longitude": 0,
      "mondayToFriday": "",
      "phone1": "",
      "phone2": "",
      "postalCode": "",
      "regionName": "Sumatera",
      "saturday": "",
      "sunday": "",
      "webSiteLink": "",
    },
    Object {
      "address": "Jl. Laks. Yos Sudarso Kav. 46-48 Sunter II, Jakarta Utara ",
      "bookType": 0,
      "branchCode": "D004",
      "branchDescription": "Astra Daihatsu Sunter",
      "branchEmailCc": "dendi.dwifajar@ai.astra.co.id, adhi.perdana@ai.astra.co.id, anthony.nagasastra@ai.astra.co.id, kevin.yudistira@ai.astra.co.id, hanifah.sakinah@ai.astra.co.id, erick.fernandus@ai.astra.co.id, errol@ai.astra.co.id, mifta.farid@ai.astra.co.id",
      "branchEmailTo": "alfonsus.setiawan@ai.astra.co.id, anggi.wijaya@ai.astra.co.id, defi.akhsanfauzan@ai.astra.co.id, a2k.cist@gmail.com, reti.septasaraswati@ai.astra.co.id",
      "branchPICName": "Suparmano",
      "branchTypeCode": "DV",
      "companyCode": "0003",
      "distance": 0,
      "districtId": 550,
      "districtName": "KOTA JAKARTA UTARA",
      "fax": "123",
      "hasBookingStall": true,
      "id": 262,
      "isActive": true,
      "isMainDealer": false,
      "latitude": -6.1402312,
      "longitude": 106.8907644,
      "mondayToFriday": "08.00 – 17.00 & Rabu 08.00 – 14.00",
      "phone1": "0265302000",
      "phone2": "",
      "postalCode": "",
      "regionName": "DKI 1",
      "saturday": "08.00 – 17.00",
      "sunday": "close",
      "webSiteLink": "http://auto2000.co.id",
    },
    Object {
      "address": "Jl.Sunter",
      "bookType": 0,
      "branchCode": "D009",
      "branchDescription": "Astra Daihatsu Sudirman",
      "branchEmailCc": "",
      "branchEmailTo": "romulo@ai.astra.co.id",
      "branchPICName": "Romulo",
      "branchTypeCode": "VSP",
      "companyCode": "0003",
      "distance": 0,
      "districtId": 550,
      "districtName": "KOTA JAKARTA UTARA",
      "fax": "0",
      "hasBookingStall": true,
      "id": 265,
      "isActive": true,
      "isMainDealer": false,
      "latitude": -6.12775567,
      "longitude": 106.835562585,
      "mondayToFriday": "07.00 - 16.00",
      "phone1": "081526",
      "phone2": "0",
      "postalCode": "17343",
      "regionName": "DKI 2",
      "saturday": "07.00 - 13.00",
      "sunday": "Close",
      "webSiteLink": "http://daihatsu.co.id",
    },
    Object {
      "address": "Jl.Sunter",
      "bookType": 0,
      "branchCode": "D720",
      "branchDescription": "Astra Daihatsu Pontianak",
      "branchEmailCc": "",
      "branchEmailTo": "romulo@ai.astra.co.id",
      "branchPICName": "Romulo",
      "branchTypeCode": "VSP",
      "companyCode": "0003",
      "distance": 0,
      "districtId": 633,
      "districtName": "KABUPATEN KUBU RAYA",
      "fax": "12345",
      "hasBookingStall": false,
      "id": 266,
      "isActive": false,
      "isMainDealer": false,
      "latitude": -6.139566,
      "longitude": 106.859981,
      "mondayToFriday": "07.00 - 16.00",
      "phone1": "812361723",
      "phone2": "812361723",
      "postalCode": "17343",
      "regionName": "Kalimantan",
      "saturday": "07.00 - 13.00",
      "sunday": "Close",
      "webSiteLink": "http://daihatsu.co.id",
    },
    Object {
      "address": "Jl. Gaya Motor 3 No. 5, Sunter II",
      "bookType": 0,
      "branchCode": "D000",
      "branchDescription": "Head Office",
      "branchEmailCc": "",
      "branchEmailTo": "",
      "branchPICName": "Oktora kevin",
      "branchTypeCode": "DV",
      "companyCode": "0003",
      "distance": 0,
      "districtId": 525,
      "districtName": "KABUPATEN LAHAT",
      "fax": "123123",
      "hasBookingStall": false,
      "id": 392,
      "isActive": false,
      "isMainDealer": false,
      "latitude": 0,
      "longitude": 0,
      "mondayToFriday": "",
      "phone1": "08123123",
      "phone2": "",
      "postalCode": "14330",
      "regionName": "Sumatera Selatan",
      "saturday": "",
      "sunday": "",
      "webSiteLink": "",
    },
    Object {
      "address": "Perum BSD Blok 405/2A Sektor 8, Serpong , Tangerang",
      "bookType": 0,
      "branchCode": "D051",
      "branchDescription": "Astra Daihatsu Bumi Serpong Damai",
      "branchEmailCc": "",
      "branchEmailTo": "",
      "branchPICName": "Ottoh Hidayatullah",
      "branchTypeCode": "VSP",
      "companyCode": "0003",
      "distance": 0,
      "districtId": 553,
      "districtName": "Kota Tangerang Selatan",
      "fax": "",
      "hasBookingStall": true,
      "id": 393,
      "isActive": true,
      "isMainDealer": false,
      "latitude": -6.290899,
      "longitude": 106.665208,
      "mondayToFriday": "",
      "phone1": "0215380011",
      "phone2": "021",
      "postalCode": "15318",
      "regionName": "DKI 1",
      "saturday": "",
      "sunday": "",
      "webSiteLink": "",
    },
    Object {
      "address": "Jl. Raya Pondok Cabe Blok CA, Pondok Cabe Ilir, Pamulang, Tangerang selatan",
      "bookType": 0,
      "branchCode": "D052",
      "branchDescription": "Astra Daihatsu Pondok Cabe",
      "branchEmailCc": "",
      "branchEmailTo": "",
      "branchPICName": "",
      "branchTypeCode": "VSP",
      "companyCode": "0003",
      "distance": 0,
      "districtId": 553,
      "districtName": "Kota Tangerang Selatan",
      "facebookLink": "",
      "fax": "",
      "hasBookingStall": false,
      "id": 394,
      "isActive": true,
      "isMainDealer": false,
      "latitude": -6.318711,
      "longitude": 106.76651,
      "mondayToFriday": "",
      "phone1": "021 74708028",
      "phone2": "0",
      "postalCode": "15418",
      "regionName": "DKI 1",
      "saturday": "",
      "sunday": "",
      "twitterLink": "",
      "webSiteLink": "",
    },
    Object {
      "address": "Kav Blok CBD A1 No. 9 - 10 Sektor 7 Bintaro Jaya, Pondok Aren,Tangerang Banten. ",
      "bookType": 0,
      "branchCode": "D058",
      "branchDescription": "Astra Daihatsu Bintaro",
      "branchEmailCc": "",
      "branchEmailTo": "",
      "branchPICName": "Gan",
      "branchTypeCode": "VSP",
      "companyCode": "0003",
      "distance": 0,
      "districtId": 553,
      "districtName": "Kota Tangerang Selatan",
      "fax": "",
      "hasBookingStall": false,
      "id": 395,
      "isActive": true,
      "isMainDealer": false,
      "latitude": -6.296426,
      "longitude": 106.666911,
      "mondayToFriday": "",
      "phone1": "02174861285",
      "phone2": "asdasda",
      "postalCode": "15224",
      "regionName": "DKI 1",
      "saturday": "",
      "sunday": "",
      "webSiteLink": "",
    },
    Object {
      "address": "JL. Kebayoran Lama No. 57, Jakarta Selatan",
      "bookType": 0,
      "branchCode": "D059",
      "branchDescription": "Astra Daihatsu Palmerah",
      "branchEmailCc": "",
      "branchEmailTo": "",
      "branchPICName": "Gan",
      "branchTypeCode": "VSP",
      "companyCode": "0003",
      "distance": 0,
      "districtId": 546,
      "districtName": "KOTA JAKARTA SELATAN",
      "fax": "",
      "hasBookingStall": false,
      "id": 396,
      "isActive": true,
      "isMainDealer": false,
      "latitude": -6.1402312,
      "longitude": 106.8907644,
      "mondayToFriday": "",
      "phone1": "02153670410",
      "phone2": "0",
      "postalCode": "12210",
      "regionName": "DKI 1",
      "saturday": "",
      "sunday": "",
      "webSiteLink": "",
    },
    Object {
      "address": "Jl. Otto Iskandardinata No.21, Gerendeng, Karawaci, Tangerang-15113",
      "bookType": 0,
      "branchCode": "D061",
      "branchDescription": "Astra Daihatsu Karawaci",
      "branchEmailCc": "",
      "branchEmailTo": "",
      "branchPICName": "",
      "branchTypeCode": "VSP",
      "companyCode": "0003",
      "distance": 0,
      "districtId": 552,
      "districtName": "KOTA TANGERANG",
      "facebookLink": "",
      "fax": "",
      "hasBookingStall": true,
      "id": 397,
      "isActive": true,
      "isMainDealer": false,
      "latitude": -6.175053,
      "longitude": 106.626349,
      "mondayToFriday": "",
      "phone1": "021 555739000",
      "phone2": "021 55735000",
      "postalCode": "15113",
      "regionName": "DKI 1",
      "saturday": "",
      "sunday": "",
      "twitterLink": "",
      "webSiteLink": "",
    },
    Object {
      "address": "Jl. Jend Sudirman No. 45 RT 01 RW 01 Link Penancangan, Serang, Banten",
      "bookType": 0,
      "branchCode": "D062",
      "branchDescription": "Astra Daihatsu Serang",
      "branchEmailCc": "",
      "branchEmailTo": "",
      "branchPICName": "dta",
      "branchTypeCode": "VSP",
      "companyCode": "0003",
      "distance": 0,
      "districtId": 883,
      "districtName": "SERANG",
      "facebookLink": "",
      "fax": "021",
      "hasBookingStall": false,
      "id": 398,
      "isActive": true,
      "isMainDealer": false,
      "latitude": -6.24056,
      "longitude": 106.203,
      "mondayToFriday": "",
      "phone1": "0254 221522",
      "phone2": "",
      "postalCode": "42124",
      "regionName": "DKI 1",
      "saturday": "",
      "sunday": "",
      "twitterLink": "",
      "webSiteLink": "ertrete.co.id",
    },
    Object {
      "address": "Jl. Jend. Sudirman KM 32, Bekasi",
      "bookType": 0,
      "branchCode": "D100",
      "branchDescription": "Astra Daihatsu Bekasi",
      "branchEmailCc": "",
      "branchEmailTo": "",
      "branchPICName": "",
      "branchTypeCode": "VSP",
      "companyCode": "0003",
      "distance": 0,
      "districtId": 837,
      "districtName": "KOTA BEKASI",
      "facebookLink": "",
      "fax": "",
      "hasBookingStall": false,
      "id": 399,
      "isActive": true,
      "isMainDealer": false,
      "latitude": -6.232157,
      "longitude": 106.988837,
      "mondayToFriday": "",
      "phone1": "021 88951955",
      "phone2": "",
      "postalCode": "17143",
      "regionName": "DKI 2",
      "saturday": "",
      "sunday": "",
      "twitterLink": "",
      "webSiteLink": "",
    },
    Object {
      "address": "Kawasan Kota Harapan Indah, Jl. Boulevard Raya Kav  Commercial Park I No. 9C, Kel Medan Satria, Bekasi",
      "bookType": 0,
      "branchCode": "D101",
      "branchDescription": "Astra Daihatsu Harapan Indah",
      "branchEmailCc": "",
      "branchEmailTo": "",
      "branchPICName": "",
      "branchTypeCode": "VSP",
      "companyCode": "0003",
      "distance": 0,
      "districtId": 837,
      "districtName": "KOTA BEKASI",
      "facebookLink": "",
      "fax": "",
      "hasBookingStall": false,
      "id": 400,
      "isActive": true,
      "isMainDealer": false,
      "latitude": -6.184806,
      "longitude": 106.974907,
      "mondayToFriday": "",
      "phone1": "021 29566699",
      "phone2": "",
      "postalCode": "17132",
      "regionName": "DKI 2",
      "saturday": "",
      "sunday": "",
      "twitterLink": "",
      "webSiteLink": "",
    },
    Object {
      "address": "Jl. Siliwangi No.117 Narogong, Bekasi",
      "bookType": 0,
      "branchCode": "D103",
      "branchDescription": "Astra Daihatsu Bekasi Narogong ",
      "branchEmailCc": "",
      "branchEmailTo": "",
      "branchPICName": "",
      "branchTypeCode": "VSP",
      "companyCode": "0003",
      "distance": 0,
      "districtId": 830,
      "districtName": "BEKASI",
      "facebookLink": "",
      "fax": "",
      "hasBookingStall": false,
      "id": 401,
      "isActive": true,
      "isMainDealer": false,
      "latitude": -6.273075,
      "longitude": 106.992234,
      "mondayToFriday": "",
      "phone1": "021 82435252",
      "phone2": "02182435305",
      "postalCode": "17114",
      "regionName": "DKI 2",
      "saturday": "",
      "sunday": "",
      "twitterLink": "",
      "webSiteLink": "",
    },
    Object {
      "address": "Jl. Pegangsaan Indah Barat RT 21 RW 16, Pegangsaan Dua, Kelapa Gading, Jakarta Utara",
      "bookType": 0,
      "branchCode": "D105",
      "branchDescription": "Astra Daihatsu Kelapa Gading",
      "branchEmailCc": "",
      "branchEmailTo": "",
      "branchPICName": "",
      "branchTypeCode": "VSP",
      "companyCode": "0003",
      "distance": 0,
      "districtId": 550,
      "districtName": "KOTA JAKARTA UTARA",
      "facebookLink": "",
      "fax": "",
      "hasBookingStall": false,
      "id": 402,
      "isActive": true,
      "isMainDealer": false,
      "latitude": -6.175038,
      "longitude": 106.913696,
      "mondayToFriday": "",
      "phone1": "021 29832010",
      "phone2": "",
      "postalCode": "14250",
      "regionName": "DKI 2",
      "saturday": "",
      "sunday": "",
      "twitterLink": "",
      "webSiteLink": "",
    },
    Object {
      "address": "Jl. Siliwangi No.117 Narogong, Bekasi",
      "bookType": 0,
      "branchCode": "D109",
      "branchDescription": "Astra Daihatsu Bekasi Narogong ",
      "branchEmailCc": "",
      "branchEmailTo": "",
      "branchPICName": "",
      "branchTypeCode": "VSP",
      "companyCode": "0003",
      "distance": 0,
      "districtId": 818,
      "districtName": "BOGOR",
      "facebookLink": "",
      "fax": "",
      "hasBookingStall": false,
      "id": 403,
      "isActive": true,
      "isMainDealer": false,
      "latitude": -6.376137,
      "longitude": 106.897208,
      "mondayToFriday": "",
      "phone1": "021 82435252",
      "phone2": "02182435305",
      "postalCode": "16454",
      "regionName": "DKI 2",
      "saturday": "",
      "sunday": "",
      "twitterLink": "",
      "webSiteLink": "",
    },
    Object {
      "address": "Jl. Pangeran Jayakarta No. 28, Jakarta Pusat",
      "bookType": 0,
      "branchCode": "D156",
      "branchDescription": "Astra Daihatsu Jayakarta",
      "branchEmailCc": "",
      "branchEmailTo": "",
      "branchPICName": "",
      "branchTypeCode": "VSP",
      "companyCode": "0003",
      "distance": 0,
      "districtId": 548,
      "districtName": "KOTA JAKARTA PUSAT",
      "facebookLink": "",
      "fax": "",
      "hasBookingStall": false,
      "id": 404,
      "isActive": true,
      "isMainDealer": false,
      "latitude": -6.14064,
      "longitude": 106.827502,
      "mondayToFriday": "",
      "phone1": "021 6590606",
      "phone2": "021 6590600",
      "postalCode": "10730",
      "regionName": "DKI 1",
      "saturday": "",
      "sunday": "",
      "twitterLink": "",
      "webSiteLink": "",
    },
    Object {
      "address": "Jl. Raya Siliwangi No.2 RT 002 RW 002 Kel.Pondok Benda Kec.Pamulang, Tangerang Selatan-14516",
      "bookType": 0,
      "branchCode": "D204",
      "branchDescription": "Astra Daihatsu Pamulang",
      "branchEmailCc": "",
      "branchEmailTo": "",
      "branchPICName": "",
      "branchTypeCode": "VSP",
      "companyCode": "0003",
      "distance": 0,
      "districtId": 553,
      "districtName": "Kota Tangerang Selatan",
      "facebookLink": "",
      "fax": "",
      "hasBookingStall": false,
      "id": 405,
      "isActive": false,
      "isMainDealer": false,
      "latitude": -6.345628,
      "longitude": 106.716516,
      "mondayToFriday": "",
      "phone1": "021 27598298",
      "phone2": "0",
      "postalCode": "15416",
      "regionName": "DKI 1",
      "saturday": "",
      "sunday": "",
      "twitterLink": "",
      "webSiteLink": "",
    },
    Object {
      "address": "Jl. HOS Cokroaminoto No. 69, Kreo, Ciledug, Tangerang",
      "bookType": 0,
      "branchCode": "D211",
      "branchDescription": "Astra Daihatsu Ciledug",
      "branchEmailCc": "",
      "branchEmailTo": "",
      "branchPICName": "",
      "branchTypeCode": "VSP",
      "companyCode": "0003",
      "distance": 0,
      "districtId": 552,
      "districtName": "KOTA TANGERANG",
      "facebookLink": "",
      "fax": "",
      "hasBookingStall": false,
      "id": 406,
      "isActive": true,
      "isMainDealer": false,
      "latitude": -6.23324,
      "longitude": 106.736649,
      "mondayToFriday": "",
      "phone1": "021 7300194",
      "phone2": "0",
      "postalCode": "15151",
      "regionName": "DKI 1",
      "saturday": "",
      "sunday": "",
      "twitterLink": "",
      "webSiteLink": "",
    },
    Object {
      "address": "Jl. Ciputat Raya No. 22, Pondok Pinang",
      "bookType": 0,
      "branchCode": "D214",
      "branchDescription": "Astra Daihatsu Pondok Pinang",
      "branchEmailCc": "",
      "branchEmailTo": "",
      "branchPICName": "",
      "branchTypeCode": "VSP",
      "companyCode": "0003",
      "distance": 0,
      "districtId": 546,
      "districtName": "KOTA JAKARTA SELATAN",
      "facebookLink": "",
      "fax": "",
      "hasBookingStall": false,
      "id": 407,
      "isActive": true,
      "isMainDealer": false,
      "latitude": -6.272127,
      "longitude": 106.774918,
      "mondayToFriday": "",
      "phone1": "021 7651644",
      "phone2": "021 7651641",
      "postalCode": "12310",
      "regionName": "DKI 1",
      "saturday": "",
      "sunday": "",
      "twitterLink": "",
      "webSiteLink": "",
    },
    Object {
      "address": "Jl. Sultan Iskandar Muda No.15 Pondok Indah, Jakarta Selatan",
      "bookType": 0,
      "branchCode": "D215",
      "branchDescription": "Astra Daihatsu Arteri Pondok Indah",
      "branchEmailCc": "",
      "branchEmailTo": "",
      "branchPICName": "",
      "branchTypeCode": "VSP",
      "companyCode": "0003",
      "distance": 0,
      "districtId": 546,
      "districtName": "KOTA JAKARTA SELATAN",
      "facebookLink": "",
      "fax": "",
      "hasBookingStall": false,
      "id": 408,
      "isActive": false,
      "isMainDealer": false,
      "latitude": -6.247307,
      "longitude": 106.781513,
      "mondayToFriday": "",
      "phone1": "021 7291011",
      "phone2": "0",
      "postalCode": "12240",
      "regionName": "DKI 1",
      "saturday": "",
      "sunday": "",
      "twitterLink": "",
      "webSiteLink": "",
    },
    Object {
      "address": "Jl. Asia Afrika No. 127, Bandung",
      "bookType": 0,
      "branchCode": "D250",
      "branchDescription": "Astra Daihatsu Bandung Asia Afrika",
      "branchEmailCc": "",
      "branchEmailTo": "",
      "branchPICName": "",
      "branchTypeCode": "VSP",
      "companyCode": "0003",
      "distance": 0,
      "districtId": 835,
      "districtName": "KOTA BANDUNG",
      "facebookLink": "",
      "fax": "",
      "hasBookingStall": false,
      "id": 409,
      "isActive": true,
      "isMainDealer": false,
      "latitude": -6.92176,
      "longitude": 107.615921,
      "mondayToFriday": "",
      "phone1": "022 4238977",
      "phone2": "022 4239009",
      "postalCode": "40112",
      "regionName": "Jawa Barat",
      "saturday": "",
      "sunday": "",
      "twitterLink": "",
      "webSiteLink": "",
    },
    Object {
      "address": "Jl. Raya Cibeureum No. 42, Bandung",
      "bookType": 0,
      "branchCode": "D251",
      "branchDescription": "Astra Daihatsu Bandung Cibeureum",
      "branchEmailCc": "",
      "branchEmailTo": "",
      "branchPICName": "",
      "branchTypeCode": "VSP",
      "companyCode": "0003",
      "distance": 0,
      "districtId": 821,
      "districtName": "BANDUNG",
      "facebookLink": "",
      "fax": "",
      "hasBookingStall": true,
      "id": 410,
      "isActive": true,
      "isMainDealer": false,
      "latitude": -6.90549,
      "longitude": 107.565437,
      "mondayToFriday": "",
      "phone1": "022 6031568",
      "phone2": "0",
      "postalCode": "40184",
      "regionName": "Jawa Barat",
      "saturday": "",
      "sunday": "",
      "twitterLink": "",
      "webSiteLink": "",
    },
    Object {
      "address": "Jl. Soekarno Hatta No. 438 D, Bandung",
      "bookType": 0,
      "branchCode": "D254",
      "branchDescription": "Astra Daihatsu Bandung Biz Center",
      "branchEmailCc": "",
      "branchEmailTo": "",
      "branchPICName": "",
      "branchTypeCode": "VSP",
      "companyCode": "0003",
      "distance": 0,
      "districtId": 835,
      "districtName": "KOTA BANDUNG",
      "facebookLink": "",
      "fax": "",
      "hasBookingStall": true,
      "id": 411,
      "isActive": true,
      "isMainDealer": false,
      "latitude": -6.942104,
      "longitude": 107.650816,
      "mondayToFriday": "",
      "phone1": "022 88888000",
      "phone2": "0",
      "postalCode": "40254",
      "regionName": "Jawa Barat",
      "saturday": "",
      "sunday": "",
      "twitterLink": "",
      "webSiteLink": "",
    },
    Object {
      "address": "Jl. Pajajaran No. 22, Bogor",
      "bookType": 0,
      "branchCode": "D260",
      "branchDescription": "Astra Daihatsu Bogor Pajajaran",
      "branchEmailCc": "",
      "branchEmailTo": "",
      "branchPICName": "",
      "branchTypeCode": "VSP",
      "companyCode": "0003",
      "distance": 0,
      "districtId": 833,
      "districtName": "KOTA BOGOR",
      "facebookLink": "",
      "fax": "",
      "hasBookingStall": false,
      "id": 412,
      "isActive": true,
      "isMainDealer": false,
      "latitude": -6.575896,
      "longitude": 106.807487,
      "mondayToFriday": "",
      "phone1": "0251 8325737 (hunting)",
      "phone2": "021 8322927",
      "postalCode": "16153",
      "regionName": "DKI 2",
      "saturday": "",
      "sunday": "",
      "twitterLink": "",
      "webSiteLink": "",
    },
    Object {
      "address": "Jl. Tuparev No. 76, Cirebon",
      "bookType": 0,
      "branchCode": "D261",
      "branchDescription": "Astra Daihatsu Cirebon Tuparev",
      "branchEmailCc": "",
      "branchEmailTo": "",
      "branchPICName": "",
      "branchTypeCode": "VSP",
      "companyCode": "0003",
      "distance": 0,
      "districtId": 581,
      "districtName": "KABUPATEN CIREBON",
      "facebookLink": "",
      "fax": "",
      "hasBookingStall": false,
      "id": 413,
      "isActive": true,
      "isMainDealer": false,
      "latitude": -6.70987,
      "longitude": 108.53494,
      "mondayToFriday": "",
      "phone1": "0231 206691",
      "phone2": "0231 201950",
      "postalCode": "45153",
      "regionName": "Jawa Barat",
      "saturday": "",
      "sunday": "",
      "twitterLink": "",
      "webSiteLink": "",
    },
    Object {
      "address": "Jl. Dr. Setiabudhi No. 176 RT.004 RW.05 Bandung",
      "bookType": 0,
      "branchCode": "D265",
      "branchDescription": "Astra Daihatsu Bandung Setiabudi",
      "branchEmailCc": "",
      "branchEmailTo": "",
      "branchPICName": "",
      "branchTypeCode": "VSP",
      "companyCode": "0003",
      "distance": 0,
      "districtId": 835,
      "districtName": "KOTA BANDUNG",
      "facebookLink": "",
      "fax": "",
      "hasBookingStall": false,
      "id": 414,
      "isActive": true,
      "isMainDealer": false,
      "latitude": -6.871295,
      "longitude": 107.593889,
      "mondayToFriday": "",
      "phone1": "022 2041009",
      "phone2": "0",
      "postalCode": "40141",
      "regionName": "Jawa Barat",
      "saturday": "",
      "sunday": "",
      "twitterLink": "",
      "webSiteLink": "",
    },
    Object {
      "address": "Jl. Raya Bogor - Jakarta Km 43, Cibinong",
      "bookType": 0,
      "branchCode": "D269",
      "branchDescription": "Astra Daihatsu Cibinong",
      "branchEmailCc": "",
      "branchEmailTo": "",
      "branchPICName": "",
      "branchTypeCode": "VSP",
      "companyCode": "0003",
      "distance": 0,
      "districtId": 818,
      "districtName": "BOGOR",
      "facebookLink": "",
      "fax": "",
      "hasBookingStall": false,
      "id": 415,
      "isActive": true,
      "isMainDealer": false,
      "latitude": -6.472031,
      "longitude": 106.84787,
      "mondayToFriday": "",
      "phone1": "021 8757870",
      "phone2": "0",
      "postalCode": "16916",
      "regionName": "DKI 2",
      "saturday": "",
      "sunday": "",
      "twitterLink": "",
      "webSiteLink": "",
    },
    Object {
      "address": "Jl. Galuh Mas Raya Kav CBD Blok 5, No. D1, Teluk Jambe Timur, Karawang",
      "bookType": 0,
      "branchCode": "D270",
      "branchDescription": "Astra Daihatsu Karawang Barat",
      "branchEmailCc": "",
      "branchEmailTo": "",
      "branchPICName": "",
      "branchTypeCode": "VSP",
      "companyCode": "0003",
      "distance": 0,
      "districtId": 829,
      "districtName": "KARAWANG",
      "facebookLink": "",
      "fax": "",
      "hasBookingStall": false,
      "id": 416,
      "isActive": true,
      "isMainDealer": false,
      "latitude": -6.325635,
      "longitude": 107.291477,
      "mondayToFriday": "",
      "phone1": "0267 418421",
      "phone2": "0",
      "postalCode": "41314",
      "regionName": "DKI 2",
      "saturday": "",
      "sunday": "",
      "twitterLink": "",
      "webSiteLink": "",
    },
    Object {
      "address": "Jl. KH Abdullah Bin Nuh No. 16, Taman Yasmin, Bogor",
      "bookType": 0,
      "branchCode": "D271",
      "branchDescription": "Astra Daihatsu Bogor Yasmin",
      "branchEmailCc": "",
      "branchEmailTo": "",
      "branchPICName": "",
      "branchTypeCode": "VSP",
      "companyCode": "0003",
      "distance": 0,
      "districtId": 833,
      "districtName": "KOTA BOGOR",
      "facebookLink": "",
      "fax": "",
      "hasBookingStall": false,
      "id": 417,
      "isActive": true,
      "isMainDealer": false,
      "latitude": -6.558135,
      "longitude": 106.769716,
      "mondayToFriday": "",
      "phone1": "0251 754 1000 ",
      "phone2": "0",
      "postalCode": "16113",
      "regionName": "DKI 2",
      "saturday": "",
      "sunday": "",
      "twitterLink": "",
      "webSiteLink": "",
    },
    Object {
      "address": "Jl. Majapahit No. 111-117, Semarang",
      "bookType": 0,
      "branchCode": "D350",
      "branchDescription": "Astra Daihatsu Semarang Majapahit",
      "branchEmailCc": "",
      "branchEmailTo": "",
      "branchPICName": "",
      "branchTypeCode": "VSP",
      "companyCode": "0003",
      "distance": 0,
      "districtId": 577,
      "districtName": "KOTA SEMARANG",
      "facebookLink": "",
      "fax": "",
      "hasBookingStall": false,
      "id": 418,
      "isActive": true,
      "isMainDealer": false,
      "latitude": -7.00077,
      "longitude": 110.445717,
      "mondayToFriday": "",
      "phone1": "024 6717111",
      "phone2": "024  6718111  (hunting)",
      "postalCode": "50161",
      "regionName": "Jawa Tengah",
      "saturday": "",
      "sunday": "",
      "twitterLink": "",
      "webSiteLink": "",
    },
    Object {
      "address": "Jl. Perintis Kemerdekaan No. 203, Banyumanik, Semarang",
      "bookType": 0,
      "branchCode": "D351",
      "branchDescription": "Astra Daihatsu Semarang Banyumanik",
      "branchEmailCc": "",
      "branchEmailTo": "",
      "branchPICName": "",
      "branchTypeCode": "VSP",
      "companyCode": "0003",
      "distance": 0,
      "districtId": 577,
      "districtName": "KOTA SEMARANG",
      "facebookLink": "",
      "fax": "",
      "hasBookingStall": false,
      "id": 419,
      "isActive": true,
      "isMainDealer": false,
      "latitude": -7.092924,
      "longitude": 110.409818,
      "mondayToFriday": "",
      "phone1": "024 7465888",
      "phone2": "0",
      "postalCode": "50161",
      "regionName": "Jawa Tengah",
      "saturday": "",
      "sunday": "",
      "twitterLink": "",
      "webSiteLink": "",
    },
    Object {
      "address": "Jl. Raya Magelang km 7,2, Yogyakarta",
      "bookType": 0,
      "branchCode": "D360",
      "branchDescription": "Astra Daihatsu Yogyakarta Magelang",
      "branchEmailCc": "",
      "branchEmailTo": "",
      "branchPICName": "",
      "branchTypeCode": "VSP",
      "companyCode": "0003",
      "distance": 0,
      "districtId": 598,
      "districtName": "KOTA YOGYAKARTA",
      "facebookLink": "",
      "fax": "",
      "hasBookingStall": false,
      "id": 420,
      "isActive": true,
      "isMainDealer": false,
      "latitude": -7.74172,
      "longitude": 110.36261,
      "mondayToFriday": "",
      "phone1": "0274 868075",
      "phone2": "0274 868074",
      "postalCode": " 0",
      "regionName": "Jawa Tengah",
      "saturday": "",
      "sunday": "",
      "twitterLink": "",
      "webSiteLink": "",
    },
    Object {
      "address": "Jl. Jenderal sudirman No. 145-147 Kebulen, Pekalongan",
      "bookType": 0,
      "branchCode": "D371",
      "branchDescription": "Astra Daihatsu Pekalongan",
      "branchEmailCc": "",
      "branchEmailTo": "",
      "branchPICName": "",
      "branchTypeCode": "VSP",
      "companyCode": "0003",
      "distance": 0,
      "districtId": 571,
      "districtName": "KABUPATEN PEKALONGAN",
      "facebookLink": "",
      "fax": "",
      "hasBookingStall": false,
      "id": 421,
      "isActive": true,
      "isMainDealer": false,
      "latitude": -6.901376,
      "longitude": 109.67647,
      "mondayToFriday": "",
      "phone1": "0285 431222",
      "phone2": "0",
      "postalCode": "51121",
      "regionName": "Jawa Tengah",
      "saturday": "",
      "sunday": "",
      "twitterLink": "",
      "webSiteLink": "",
    },
    Object {
      "address": "Jl. Raya Solo Permai, Solo Baru",
      "bookType": 0,
      "branchCode": "D372",
      "branchDescription": "Astra Daihatsu Solo Baru",
      "branchEmailCc": "",
      "branchEmailTo": "",
      "branchPICName": "",
      "branchTypeCode": "VSP",
      "companyCode": "0003",
      "distance": 0,
      "districtId": 575,
      "districtName": "KOTA SURAKARTA",
      "facebookLink": "",
      "fax": "",
      "hasBookingStall": false,
      "id": 422,
      "isActive": true,
      "isMainDealer": false,
      "latitude": -7.60316,
      "longitude": 110.812782,
      "mondayToFriday": "",
      "phone1": "0271 620977 (hunting)",
      "phone2": "0",
      "postalCode": "57552",
      "regionName": "Jawa Tengah",
      "saturday": "",
      "sunday": "",
      "twitterLink": "",
      "webSiteLink": "",
    },
    Object {
      "address": "Jl. Kol. Sugiono No. 104, Tegal",
      "bookType": 0,
      "branchCode": "D373",
      "branchDescription": "Astra Daihatsu Tegal",
      "branchEmailCc": "",
      "branchEmailTo": "",
      "branchPICName": "",
      "branchTypeCode": "VSP",
      "companyCode": "0003",
      "distance": 0,
      "districtId": 573,
      "districtName": "KABUPATEN TEGAL",
      "facebookLink": "",
      "fax": "",
      "hasBookingStall": false,
      "id": 423,
      "isActive": true,
      "isMainDealer": false,
      "latitude": -6.8686,
      "longitude": 109.122658,
      "mondayToFriday": "",
      "phone1": "0283 359677",
      "phone2": "0283 359674",
      "postalCode": "52113",
      "regionName": "Jawa Tengah",
      "saturday": "",
      "sunday": "",
      "twitterLink": "",
      "webSiteLink": "",
    },
    Object {
      "address": "Jl. Raya Solo – Yogyakarta Km.4, Belangwetan, Klaten, Jawa Tengah",
      "bookType": 0,
      "branchCode": "D379",
      "branchDescription": "Astra Daihatsu Klaten",
      "branchEmailCc": "",
      "branchEmailTo": "",
      "branchPICName": "",
      "branchTypeCode": "VSP",
      "companyCode": "0003",
      "distance": 0,
      "districtId": 590,
      "districtName": "KABUPATEN KLATEN",
      "facebookLink": "",
      "fax": "",
      "hasBookingStall": false,
      "id": 424,
      "isActive": true,
      "isMainDealer": false,
      "latitude": -7.688415,
      "longitude": 110.630389,
      "mondayToFriday": "",
      "phone1": "0272 332255",
      "phone2": "0",
      "postalCode": "57436",
      "regionName": "Jawa Tengah",
      "saturday": "",
      "sunday": "",
      "twitterLink": "",
      "webSiteLink": "",
    },
    Object {
      "address": "Jl. Panglima Sudirman No. 63, Surabaya",
      "bookType": 0,
      "branchCode": "D451",
      "branchDescription": "Astra Daihatsu Surabaya Panglima Sudirman",
      "branchEmailCc": "",
      "branchEmailTo": "",
      "branchPICName": "",
      "branchTypeCode": "VSP",
      "companyCode": "0003",
      "distance": 0,
      "districtId": 879,
      "districtName": "KOTA SURABAYA",
      "facebookLink": "",
      "fax": "",
      "hasBookingStall": false,
      "id": 425,
      "isActive": true,
      "isMainDealer": false,
      "latitude": -7.2705,
      "longitude": 112.743538,
      "mondayToFriday": "",
      "phone1": "031 5346601 (hunting)",
      "phone2": "0",
      "postalCode": "60271",
      "regionName": "Jawa Timur",
      "saturday": "",
      "sunday": "",
      "twitterLink": "",
      "webSiteLink": "",
    },
    Object {
      "address": "Jl. Raya Waru Km 15, Sawotratap, Surabaya",
      "bookType": 0,
      "branchCode": "D453",
      "branchDescription": "Astra Daihatsu Surabaya Waru",
      "branchEmailCc": "",
      "branchEmailTo": "",
      "branchPICName": "",
      "branchTypeCode": "VSP",
      "companyCode": "0003",
      "distance": 0,
      "districtId": 857,
      "districtName": "SIDOARJO",
      "facebookLink": "",
      "fax": "",
      "hasBookingStall": false,
      "id": 426,
      "isActive": true,
      "isMainDealer": false,
      "latitude": -7.37438,
      "longitude": 112.72731,
      "mondayToFriday": "",
      "phone1": "031 8533777 (hunting)",
      "phone2": "0",
      "postalCode": "61254",
      "regionName": "Jawa Timur",
      "saturday": "",
      "sunday": "",
      "twitterLink": "",
      "webSiteLink": "",
    },
    Object {
      "address": "Jl. HR Muhammad No. 4 & 6, Surabaya",
      "bookType": 0,
      "branchCode": "D455",
      "branchDescription": "Astra Daihatsu Surabaya HR Muhammad",
      "branchEmailCc": "",
      "branchEmailTo": "",
      "branchPICName": "",
      "branchTypeCode": "VSP",
      "companyCode": "0003",
      "distance": 0,
      "districtId": 879,
      "districtName": "KOTA SURABAYA",
      "facebookLink": "",
      "fax": "",
      "hasBookingStall": false,
      "id": 427,
      "isActive": true,
      "isMainDealer": false,
      "latitude": -7.286195,
      "longitude": 112.701605,
      "mondayToFriday": "",
      "phone1": "031 7345700 (hunting)",
      "phone2": "0",
      "postalCode": "60229",
      "regionName": "Jawa Timur",
      "saturday": "",
      "sunday": "",
      "twitterLink": "",
      "webSiteLink": "",
    },
    Object {
      "address": "Jl. A. Yani No. 175, Malang",
      "bookType": 0,
      "branchCode": "D470",
      "branchDescription": "Astra Daihatsu Malang A. Yani",
      "branchEmailCc": "",
      "branchEmailTo": "",
      "branchPICName": "",
      "branchTypeCode": "VSP",
      "companyCode": "0003",
      "distance": 0,
      "districtId": 874,
      "districtName": "KOTA MALANG",
      "facebookLink": "",
      "fax": "",
      "hasBookingStall": false,
      "id": 428,
      "isActive": true,
      "isMainDealer": false,
      "latitude": -7.931847,
      "longitude": 112.646829,
      "mondayToFriday": "",
      "phone1": "0341 478000",
      "phone2": "0",
      "postalCode": "65125",
      "regionName": "Jawa Timur",
      "saturday": "",
      "sunday": "",
      "twitterLink": "",
      "webSiteLink": "",
    },
    Object {
      "address": "Jl. Soekarno Hatta No. 152, Kediri",
      "bookType": 0,
      "branchCode": "D471",
      "branchDescription": "Astra Daihatsu Kediri",
      "branchEmailCc": "",
      "branchEmailTo": "",
      "branchPICName": "",
      "branchTypeCode": "VSP",
      "companyCode": "0003",
      "distance": 0,
      "districtId": 848,
      "districtName": "KEDIRI",
      "facebookLink": "",
      "fax": "",
      "hasBookingStall": false,
      "id": 429,
      "isActive": true,
      "isMainDealer": false,
      "latitude": -7.807393,
      "longitude": 112.039955,
      "mondayToFriday": "",
      "phone1": "0354 684412",
      "phone2": "0354 688501",
      "postalCode": "64182",
      "regionName": "Jawa Timur",
      "saturday": "",
      "sunday": "",
      "twitterLink": "",
      "webSiteLink": "",
    },
    Object {
      "address": "Jl. Bali No.50 RT 02 RW 05 Kel.Karangtengah Kec.Sananwetan, Kota Blitar, Jawa Timur",
      "bookType": 0,
      "branchCode": "D480",
      "branchDescription": "Astra Daihatsu Blitar",
      "branchEmailCc": "",
      "branchEmailTo": "",
      "branchPICName": "",
      "branchTypeCode": "VSP",
      "companyCode": "0003",
      "distance": 0,
      "districtId": 873,
      "districtName": "KOTA BLITAR",
      "facebookLink": "",
      "fax": "",
      "hasBookingStall": false,
      "id": 430,
      "isActive": true,
      "isMainDealer": false,
      "latitude": -8.110769,
      "longitude": 112.169765,
      "mondayToFriday": "",
      "phone1": "0342 805999",
      "phone2": "0",
      "postalCode": "66121",
      "regionName": "Jawa Timur",
      "saturday": "",
      "sunday": "",
      "twitterLink": "",
      "webSiteLink": "",
    },
    Object {
      "address": "Jl. Raya Veteran, Desa Segoromadu, Kebomas, Gresik, Jawa Timur",
      "bookType": 0,
      "branchCode": "D481",
      "branchDescription": "Astra Daihatsu Gresik",
      "branchEmailCc": "",
      "branchEmailTo": "",
      "branchPICName": "",
      "branchTypeCode": "VSP",
      "companyCode": "0003",
      "distance": 0,
      "districtId": 867,
      "districtName": "GRESIK",
      "facebookLink": "",
      "fax": "",
      "hasBookingStall": false,
      "id": 431,
      "isActive": true,
      "isMainDealer": false,
      "latitude": -7.166641,
      "longitude": 112.647629,
      "mondayToFriday": "",
      "phone1": "031 3991500",
      "phone2": "0",
      "postalCode": "61122",
      "regionName": "Jawa Timur",
      "saturday": "",
      "sunday": "",
      "twitterLink": "",
      "webSiteLink": "",
    },
    Object {
      "address": "Jl. Cokroaminoto No. 52, Ubung, Denpasar",
      "bookType": 0,
      "branchCode": "D540",
      "branchDescription": "Astra Daihatsu Denpasar Cokro",
      "branchEmailCc": "",
      "branchEmailTo": "",
      "branchPICName": "",
      "branchTypeCode": "VSP",
      "companyCode": "0003",
      "distance": 0,
      "districtId": 607,
      "districtName": "KOTA DENPASAR",
      "facebookLink": "",
      "fax": "",
      "hasBookingStall": false,
      "id": 432,
      "isActive": true,
      "isMainDealer": false,
      "latitude": -8.639206,
      "longitude": 115.207973,
      "mondayToFriday": "",
      "phone1": "0361 429000",
      "phone2": "0",
      "postalCode": "80117",
      "regionName": "Bali",
      "saturday": "",
      "sunday": "",
      "twitterLink": "",
      "webSiteLink": "",
    },
    Object {
      "address": "Jl. Ngurah Rai By Pass No. 8, Sanur, Denpasar",
      "bookType": 0,
      "branchCode": "D541",
      "branchDescription": "Astra Daihatsu Denpasar Sanur",
      "branchEmailCc": "",
      "branchEmailTo": "",
      "branchPICName": "",
      "branchTypeCode": "VSP",
      "companyCode": "0003",
      "distance": 0,
      "districtId": 607,
      "districtName": "KOTA DENPASAR",
      "facebookLink": "",
      "fax": "",
      "hasBookingStall": false,
      "id": 433,
      "isActive": true,
      "isMainDealer": false,
      "latitude": -8.714721,
      "longitude": 115.22749,
      "mondayToFriday": "",
      "phone1": "0361 289000",
      "phone2": "0361 288345,  288323",
      "postalCode": "80227",
      "regionName": "Bali",
      "saturday": "",
      "sunday": "",
      "twitterLink": "",
      "webSiteLink": "",
    },
    Object {
      "address": "Jl. By Pass Ngurah Rai No.99X, Kel.Kelan, Kec.Kuta, Kab.Badung, Bali-80361",
      "bookType": 0,
      "branchCode": "D544",
      "branchDescription": "Astra Daihatsu Badung Ngurah Rai",
      "branchEmailCc": "",
      "branchEmailTo": "",
      "branchPICName": "",
      "branchTypeCode": "VSP",
      "companyCode": "0003",
      "distance": 0,
      "districtId": 607,
      "districtName": "KOTA DENPASAR",
      "facebookLink": "",
      "fax": "",
      "hasBookingStall": false,
      "id": 434,
      "isActive": true,
      "isMainDealer": false,
      "latitude": -8.75038,
      "longitude": 115.182274,
      "mondayToFriday": "",
      "phone1": "0361 4463000",
      "phone2": "0",
      "postalCode": "80361",
      "regionName": "Bali",
      "saturday": "",
      "sunday": "",
      "twitterLink": "",
      "webSiteLink": "",
    },
    Object {
      "address": "Jl. Sisingamangaraja No. 170, Medan",
      "bookType": 0,
      "branchCode": "D560",
      "branchDescription": "Astra Daihatsu Medan Sisingamangaraja",
      "branchEmailCc": "",
      "branchEmailTo": "",
      "branchPICName": "",
      "branchTypeCode": "VSP",
      "companyCode": "0003",
      "distance": 0,
      "districtId": 743,
      "districtName": "KOTA MEDAN",
      "facebookLink": "",
      "fax": "",
      "hasBookingStall": false,
      "id": 435,
      "isActive": true,
      "isMainDealer": false,
      "latitude": 3.568976,
      "longitude": 98.691086,
      "mondayToFriday": "",
      "phone1": "061 7349000",
      "phone2": "0",
      "postalCode": "20217",
      "regionName": "Sumatera",
      "saturday": "",
      "sunday": "",
      "twitterLink": "",
      "webSiteLink": "",
    },
    Object {
      "address": "Jl. Gunung Krakatau Ujung No.238, Tanjung Mulia, Medan Deli, Medan",
      "bookType": 0,
      "branchCode": "D561",
      "branchDescription": "Astra Daihatsu Medan Krakatau",
      "branchEmailCc": "",
      "branchEmailTo": "",
      "branchPICName": "",
      "branchTypeCode": "VSP",
      "companyCode": "0003",
      "distance": 0,
      "districtId": 743,
      "districtName": "KOTA MEDAN",
      "facebookLink": "",
      "fax": "",
      "hasBookingStall": false,
      "id": 436,
      "isActive": true,
      "isMainDealer": false,
      "latitude": 3.641979,
      "longitude": 98.681482,
      "mondayToFriday": "",
      "phone1": "061 6639009",
      "phone2": "0",
      "postalCode": "20239",
      "regionName": "Sumatera",
      "saturday": "",
      "sunday": "",
      "twitterLink": "",
      "webSiteLink": "",
    },
    Object {
      "address": "Jl. Khatib Sulaiman No. 101, Padang",
      "bookType": 0,
      "branchCode": "D580",
      "branchDescription": "Astra Daihatsu Padang",
      "branchEmailCc": "",
      "branchEmailTo": "",
      "branchPICName": "",
      "branchTypeCode": "VSP",
      "companyCode": "0003",
      "distance": 0,
      "districtId": 759,
      "districtName": "KOTA PADANG",
      "facebookLink": "",
      "fax": "",
      "hasBookingStall": false,
      "id": 437,
      "isActive": true,
      "isMainDealer": false,
      "latitude": -0.911172,
      "longitude": 100.355331,
      "mondayToFriday": "",
      "phone1": "0751 7050399",
      "phone2": "0",
      "postalCode": "25133",
      "regionName": "Sumatera",
      "saturday": "",
      "sunday": "",
      "twitterLink": "",
      "webSiteLink": "",
    },
    Object {
      "address": "Jl. DR Muhammad Hasan No. 1-2-3A, Batoh, Banda Aceh ",
      "bookType": 0,
      "branchCode": "D590",
      "branchDescription": "Astra Daihatsu Banda Aceh",
      "branchEmailCc": "",
      "branchEmailTo": "",
      "branchPICName": "",
      "branchTypeCode": "VSP",
      "companyCode": "0003",
      "distance": 0,
      "districtId": 709,
      "districtName": "KOTA BANDA ACEH",
      "facebookLink": "",
      "fax": "",
      "hasBookingStall": false,
      "id": 438,
      "isActive": true,
      "isMainDealer": false,
      "latitude": 5.541987,
      "longitude": 95.330352,
      "mondayToFriday": "",
      "phone1": "0651 32151 ",
      "phone2": "0651 32159 ",
      "postalCode": "23245",
      "regionName": "Sumatera",
      "saturday": "",
      "sunday": "",
      "twitterLink": "",
      "webSiteLink": "",
    },
    Object {
      "address": "Jl. Jend. A. Yani N0. 100-14,  Ulu Plaju, Palembang",
      "bookType": 0,
      "branchCode": "D600",
      "branchDescription": "Astra Daihatsu Palembang Plaju",
      "branchEmailCc": "",
      "branchEmailTo": "",
      "branchPICName": "",
      "branchTypeCode": "VSP",
      "companyCode": "0003",
      "distance": 0,
      "districtId": 533,
      "districtName": "KOTA PALEMBANG",
      "facebookLink": "",
      "fax": "",
      "hasBookingStall": false,
      "id": 439,
      "isActive": true,
      "isMainDealer": false,
      "latitude": -2.993018,
      "longitude": 104.783155,
      "mondayToFriday": "",
      "phone1": "0711 511889",
      "phone2": "0711 511812",
      "postalCode": "30264",
      "regionName": "Sumatera",
      "saturday": "",
      "sunday": "",
      "twitterLink": "",
      "webSiteLink": "",
    },
    Object {
      "address": "Jl. Pangeran Hidayat No.88 ABC, Kel.Paal Lima, Kec.Kota Baru, Kota Jambi",
      "bookType": 0,
      "branchCode": "D620",
      "branchDescription": "Astra Daihatsu Jambi",
      "branchEmailCc": "",
      "branchEmailTo": "",
      "branchPICName": "",
      "branchTypeCode": "VSP",
      "companyCode": "0003",
      "distance": 0,
      "districtId": 787,
      "districtName": "KOTA JAMBI",
      "facebookLink": "",
      "fax": "",
      "hasBookingStall": false,
      "id": 440,
      "isActive": true,
      "isMainDealer": false,
      "latitude": -1.621828,
      "longitude": 103.603434,
      "mondayToFriday": "",
      "phone1": "0741 42218",
      "phone2": "0",
      "postalCode": "90222",
      "regionName": "Sumatera",
      "saturday": "",
      "sunday": "",
      "twitterLink": "",
      "webSiteLink": "",
    },
    Object {
      "address": "Jl. Jend Sudirman No.202A, Tangkerang, Pekanbaru",
      "bookType": 0,
      "branchCode": "D630",
      "branchDescription": "Astra Daihatsu Pekanbaru Sudirman",
      "branchEmailCc": "",
      "branchEmailTo": "",
      "branchPICName": "",
      "branchTypeCode": "VSP",
      "companyCode": "0003",
      "distance": 0,
      "districtId": 776,
      "districtName": "PEKANBARU",
      "facebookLink": "",
      "fax": "",
      "hasBookingStall": false,
      "id": 441,
      "isActive": true,
      "isMainDealer": false,
      "latitude": 0.478522,
      "longitude": 101.454917,
      "mondayToFriday": "",
      "phone1": "0761 839000",
      "phone2": "0",
      "postalCode": "28282",
      "regionName": "Sumatera",
      "saturday": "",
      "sunday": "",
      "twitterLink": "",
      "webSiteLink": "",
    },
    Object {
      "address": "Komplek Pertokoan Palm Spring Blok D2 No. 1-2, Batam Center,Batam 29432",
      "bookType": 0,
      "branchCode": "D640",
      "branchDescription": "Astra Daihatsu Batam",
      "branchEmailCc": "",
      "branchEmailTo": "",
      "branchPICName": "",
      "branchTypeCode": "VSP",
      "companyCode": "0003",
      "distance": 0,
      "districtId": 815,
      "districtName": "KOTA BATAM",
      "facebookLink": "",
      "fax": "",
      "hasBookingStall": false,
      "id": 442,
      "isActive": true,
      "isMainDealer": false,
      "latitude": 1.131073,
      "longitude": 104.050982,
      "mondayToFriday": "",
      "phone1": "0788 8099000",
      "phone2": "0",
      "postalCode": "-",
      "regionName": "Sumatera",
      "saturday": "",
      "sunday": "",
      "twitterLink": "",
      "webSiteLink": "",
    },
    Object {
      "address": "Jl. A. Yani No. 1, Tanjung karang, Bandar Lampung",
      "bookType": 0,
      "branchCode": "D660",
      "branchDescription": "Astra Daihatsu Lampung",
      "branchEmailCc": "",
      "branchEmailTo": "",
      "branchPICName": "",
      "branchTypeCode": "VSP",
      "companyCode": "0003",
      "distance": 0,
      "districtId": 801,
      "districtName": "KOTA BANDAR LAMPUNG",
      "facebookLink": "",
      "fax": "",
      "hasBookingStall": false,
      "id": 443,
      "isActive": true,
      "isMainDealer": false,
      "latitude": -5.421514,
      "longitude": 105.255127,
      "mondayToFriday": "",
      "phone1": "0721 269000",
      "phone2": "0",
      "postalCode": "35116",
      "regionName": "Sumatera",
      "saturday": "",
      "sunday": "",
      "twitterLink": "",
      "webSiteLink": "",
    },
    Object {
      "address": "Jl. Proklamator Raya No. 81D, Bandarjaya, Lampung Tengah",
      "bookType": 0,
      "branchCode": "D662",
      "branchDescription": "Astra Daihatsu Bandar Jaya",
      "branchEmailCc": "",
      "branchEmailTo": "",
      "branchPICName": "",
      "branchTypeCode": "VSP",
      "companyCode": "0003",
      "distance": 0,
      "districtId": 637,
      "districtName": "KABUPATEN LAMPUNG TENGAH",
      "facebookLink": "",
      "fax": "",
      "hasBookingStall": false,
      "id": 444,
      "isActive": true,
      "isMainDealer": false,
      "latitude": -4.951406,
      "longitude": 105.217411,
      "mondayToFriday": "",
      "phone1": "0725 26222",
      "phone2": "0",
      "postalCode": "34162",
      "regionName": "Sumatera",
      "saturday": "",
      "sunday": "",
      "twitterLink": "",
      "webSiteLink": "",
    },
    Object {
      "address": "Jl. Jend Sudirman No. 57, Balikpapan ",
      "bookType": 0,
      "branchCode": "D700",
      "branchDescription": "Astra Daihatsu Balikpapan",
      "branchEmailCc": "",
      "branchEmailTo": "",
      "branchPICName": "",
      "branchTypeCode": "VSP",
      "companyCode": "0003",
      "distance": 0,
      "districtId": 636,
      "districtName": "KOTA BALIKPAPAN",
      "facebookLink": "",
      "fax": "",
      "hasBookingStall": false,
      "id": 445,
      "isActive": true,
      "isMainDealer": false,
      "latitude": -1.27684,
      "longitude": 116.832329,
      "mondayToFriday": "",
      "phone1": "0542 419000",
      "phone2": "0",
      "postalCode": "76114",
      "regionName": "Kalimantan",
      "saturday": "",
      "sunday": "",
      "twitterLink": "",
      "webSiteLink": "",
    },
    Object {
      "address": "Jl. Ir.H.Juanda No. 88, Samarinda",
      "bookType": 0,
      "branchCode": "D702",
      "branchDescription": "Astra Daihatsu Samarinda",
      "branchEmailCc": "",
      "branchEmailTo": "",
      "branchPICName": "",
      "branchTypeCode": "VSP",
      "companyCode": "0003",
      "distance": 0,
      "districtId": 943,
      "districtName": "KOTA SAMARINDA",
      "facebookLink": "",
      "fax": "",
      "hasBookingStall": false,
      "id": 446,
      "isActive": true,
      "isMainDealer": false,
      "latitude": -0.479123,
      "longitude": 117.136163,
      "mondayToFriday": "",
      "phone1": "0541 766688",
      "phone2": "0",
      "postalCode": "75123",
      "regionName": "Kalimantan",
      "saturday": "",
      "sunday": "",
      "twitterLink": "",
      "webSiteLink": "",
    },
    Object {
      "address": "Jl. Achmad Yani KM 7.4, Banjarmasin",
      "bookType": 0,
      "branchCode": "D730",
      "branchDescription": "Astra Daihatsu Banjarmasin",
      "branchEmailCc": "",
      "branchEmailTo": "",
      "branchPICName": "",
      "branchTypeCode": "VSP",
      "companyCode": "0003",
      "distance": 0,
      "districtId": 933,
      "districtName": "KOTA BANJARMASIN",
      "facebookLink": "",
      "fax": "",
      "hasBookingStall": false,
      "id": 447,
      "isActive": true,
      "isMainDealer": false,
      "latitude": -3.322713,
      "longitude": 114.598833,
      "mondayToFriday": "",
      "phone1": "0511 4281900",
      "phone2": "0",
      "postalCode": "70654",
      "regionName": "Kalimantan",
      "saturday": "",
      "sunday": "",
      "twitterLink": "",
      "webSiteLink": "",
    },
    Object {
      "address": "Jl. R.E.Martadinata No.69, Manado-95127",
      "bookType": 0,
      "branchCode": "D740",
      "branchDescription": "Astra Daihatsu Manado Martadinata",
      "branchEmailCc": "",
      "branchEmailTo": "",
      "branchPICName": "",
      "branchTypeCode": "VSP",
      "companyCode": "0003",
      "distance": 0,
      "districtId": 957,
      "districtName": "MANADO",
      "facebookLink": "",
      "fax": "",
      "hasBookingStall": false,
      "id": 448,
      "isActive": true,
      "isMainDealer": false,
      "latitude": 1.487708,
      "longitude": 124.857841,
      "mondayToFriday": "",
      "phone1": "0431 866602",
      "phone2": "0",
      "postalCode": "95127",
      "regionName": "IBT",
      "saturday": "",
      "sunday": "",
      "twitterLink": "",
      "webSiteLink": "",
    },
    Object {
      "address": "Jl. Wolter Monginsidi No. 123B, Kel. Malalayang I Barat. Manado",
      "bookType": 0,
      "branchCode": "D741",
      "branchDescription": "Astra Daihatsu Manado Malalayang",
      "branchEmailCc": "",
      "branchEmailTo": "",
      "branchPICName": "",
      "branchTypeCode": "VSP",
      "companyCode": "0003",
      "distance": 0,
      "districtId": 957,
      "districtName": "MANADO",
      "facebookLink": "",
      "fax": "",
      "hasBookingStall": false,
      "id": 449,
      "isActive": true,
      "isMainDealer": false,
      "latitude": 1.457473,
      "longitude": 124.815598,
      "mondayToFriday": "",
      "phone1": "0431 847337",
      "phone2": "0431 847338",
      "postalCode": "95263",
      "regionName": "IBT",
      "saturday": "",
      "sunday": "",
      "twitterLink": "",
      "webSiteLink": "",
    },
    Object {
      "address": "Jl. Walanda Maramis No. 81, Madidir Ureh, Bitung",
      "bookType": 0,
      "branchCode": "D743",
      "branchDescription": "Astra Daihatsu Bitung",
      "branchEmailCc": "",
      "branchEmailTo": "",
      "branchPICName": "",
      "branchTypeCode": "VSP",
      "companyCode": "0003",
      "distance": 0,
      "districtId": 1,
      "districtName": "",
      "facebookLink": "",
      "fax": "",
      "hasBookingStall": false,
      "id": 450,
      "isActive": false,
      "isMainDealer": false,
      "latitude": 1.443595,
      "longitude": 125.167932,
      "mondayToFriday": "",
      "phone1": "0438 30163",
      "phone2": "0",
      "postalCode": "95515",
      "regionName": "Sulawesi Utara",
      "saturday": "",
      "sunday": "",
      "twitterLink": "",
      "webSiteLink": "",
    },
    Object {
      "address": "Jl. Urip Sumoharjo No. 64, Makassar",
      "bookType": 0,
      "branchCode": "D760",
      "branchDescription": "Astra Daihatsu Makassar Urip Sumoharjo",
      "branchEmailCc": "",
      "branchEmailTo": "",
      "branchPICName": "",
      "branchTypeCode": "VSP",
      "companyCode": "0003",
      "distance": 0,
      "districtId": 659,
      "districtName": "KOTA MAKASSAR",
      "facebookLink": "",
      "fax": "",
      "hasBookingStall": false,
      "id": 451,
      "isActive": true,
      "isMainDealer": false,
      "latitude": -5.13485,
      "longitude": 119.433167,
      "mondayToFriday": "",
      "phone1": "0411 4674900",
      "phone2": "0411 449111",
      "postalCode": "90232",
      "regionName": "IBT",
      "saturday": "",
      "sunday": "",
      "twitterLink": "",
      "webSiteLink": "",
    },
    Object {
      "address": "Jl. HB Jassin Km.4,  Tomulabutao, Dungingi, Gorontalo, Sulawesi Utara",
      "bookType": 0,
      "branchCode": "D761",
      "branchDescription": "Astra Daihatsu Gorontalo",
      "branchEmailCc": "",
      "branchEmailTo": "",
      "branchPICName": "",
      "branchTypeCode": "V",
      "companyCode": "0003",
      "distance": 0,
      "districtId": 977,
      "districtName": "GORONTALO",
      "facebookLink": "",
      "fax": "",
      "hasBookingStall": false,
      "id": 452,
      "isActive": true,
      "isMainDealer": false,
      "latitude": 0.564433,
      "longitude": 123.047335,
      "mondayToFriday": "",
      "phone1": "(0435) 827934",
      "phone2": "0435 827938",
      "postalCode": "0",
      "regionName": "IBT",
      "saturday": "",
      "sunday": "",
      "twitterLink": "",
      "webSiteLink": "",
    },
    Object {
      "address": "Jln. Boulevard Raya",
      "bookType": 0,
      "branchCode": "D005",
      "branchDescription": "Astra Daihatsu Kelapa Gading Terbaru",
      "branchEmailCc": "",
      "branchEmailTo": "gideon.raharjo@ai.astra.co.id",
      "branchPICName": "Gideon Test Terbaru",
      "branchTypeCode": "VSP",
      "companyCode": "0003",
      "distance": 0,
      "districtId": 1,
      "districtName": "",
      "facebookLink": "",
      "fax": "0",
      "hasBookingStall": false,
      "id": 1093,
      "isActive": false,
      "isMainDealer": false,
      "latitude": -6.139566,
      "longitude": 106.859981,
      "mondayToFriday": "08.00 - 16.00",
      "phone1": "021999999",
      "phone2": "000",
      "postalCode": "99999",
      "regionName": "DKI Jakarta",
      "saturday": "07.00 - 13.00",
      "sunday": "Close",
      "twitterLink": "",
      "webSiteLink": "http://daihatsu.co.id",
    },
    Object {
      "address": "Jl. A. Yani No. 100, Kelurahan 4 - Ulu,
Palembang",
      "bookType": 0,
      "branchCode": "D790",
      "branchDescription": "Astra
Daihatsu Palembang Plaju",
      "branchEmailCc": "",
      "branchEmailTo": "",
      "branchPICName": "",
      "branchTypeCode": "VSP",
      "companyCode": "0003",
      "distance": 0,
      "districtId": 691,
      "districtName": "KOTA JAYAPURA",
      "facebookLink": "",
      "fax": "",
      "hasBookingStall": false,
      "id": 22823,
      "isActive": true,
      "isMainDealer": false,
      "latitude": -2.993018,
      "longitude": 104.783155,
      "mondayToFriday": "",
      "phone1": "0711 511889",
      "phone2": "",
      "postalCode": "",
      "regionName": "IBT",
      "saturday": "",
      "sunday": "",
      "twitterLink": "",
      "webSiteLink": "",
    },
    Object {
      "address": "Jl. Sultan Alauddin No. 242 - 244, Kel
Mangasa, Kec Tamalate, Makassar",
      "bookType": 0,
      "branchCode": "D762",
      "branchDescription": "Astra
Daihatsu Makassar Alaudin",
      "branchEmailCc": "",
      "branchEmailTo": "",
      "branchPICName": "",
      "branchTypeCode": "VSP",
      "companyCode": "0003",
      "distance": 0,
      "districtId": 659,
      "districtName": "KOTA MAKASSAR",
      "facebookLink": "",
      "fax": "",
      "hasBookingStall": false,
      "id": 22858,
      "isActive": true,
      "isMainDealer": false,
      "latitude": -5.186295,
      "longitude": 119.44057,
      "mondayToFriday": "",
      "phone1": "0411-459992",
      "phone2": "",
      "postalCode": "",
      "regionName": "IBT",
      "saturday": "",
      "sunday": "",
      "twitterLink": "",
      "webSiteLink": "",
    },
    Object {
      "address": "Jl. Surya Sumantri Kav. 10 B,Bandung",
      "bookType": 0,
      "branchCode": "D252",
      "branchDescription": "Astra Daihatsu
Bandung Surya Sumantri",
      "branchEmailCc": "",
      "branchEmailTo": "",
      "branchPICName": "",
      "branchTypeCode": "V",
      "companyCode": "0003",
      "distance": 0,
      "districtId": 835,
      "districtName": "KOTA BANDUNG",
      "facebookLink": "",
      "fax": "",
      "hasBookingStall": false,
      "id": 22924,
      "isActive": true,
      "isMainDealer": false,
      "latitude": 0,
      "longitude": 0,
      "mondayToFriday": "",
      "phone1": "021 2020820, 2020821",
      "phone2": "",
      "postalCode": "",
      "regionName": "Jawa Barat",
      "saturday": "",
      "sunday": "",
      "twitterLink": "",
      "webSiteLink": "",
    },
    Object {
      "address": "Jl.Raya Barat No. 538, Cimahi",
      "bookType": 0,
      "branchCode": "D258",
      "branchDescription": "Astra Daihatsu
Cimahi",
      "branchEmailCc": "",
      "branchEmailTo": "",
      "branchPICName": "",
      "branchTypeCode": "V",
      "companyCode": "0003",
      "distance": 0,
      "districtId": 821,
      "districtName": "BANDUNG",
      "facebookLink": "",
      "fax": "",
      "hasBookingStall": false,
      "id": 22925,
      "isActive": true,
      "isMainDealer": false,
      "latitude": 0,
      "longitude": 0,
      "mondayToFriday": "",
      "phone1": "022 6647173,
70883882",
      "phone2": "",
      "postalCode": "",
      "regionName": "Jawa Barat",
      "saturday": "",
      "sunday": "",
      "twitterLink": "",
      "webSiteLink": "",
    },
    Object {
      "address": "Jl. A.H. Nasution Blok B5-17 dan B5-18 Kel. Cipadung
Wetan, Kec. Panyileukan Bandung",
      "bookType": 0,
      "branchCode": "D259",
      "branchDescription": "Astra Daihatsu
Bandung Cibiru",
      "branchEmailCc": "",
      "branchEmailTo": "",
      "branchPICName": "",
      "branchTypeCode": "V",
      "companyCode": "0003",
      "distance": 0,
      "districtId": 821,
      "districtName": "BANDUNG",
      "facebookLink": "",
      "fax": "",
      "hasBookingStall": false,
      "id": 22926,
      "isActive": true,
      "isMainDealer": false,
      "latitude": 0,
      "longitude": 0,
      "mondayToFriday": "",
      "phone1": "022 7814210, 7814211",
      "phone2": "",
      "postalCode": "",
      "regionName": "Jawa Barat",
      "saturday": "",
      "sunday": "",
      "twitterLink": "",
      "webSiteLink": "",
    },
    Object {
      "address": "Jl. HZ. Mustofa No. 349 Tasikmalaya",
      "bookType": 0,
      "branchCode": "D264",
      "branchDescription": "Astra Daihatsu
Tasikmalaya",
      "branchEmailCc": "",
      "branchEmailTo": "",
      "branchPICName": "",
      "branchTypeCode": "V",
      "companyCode": "0003",
      "distance": 0,
      "districtId": 823,
      "districtName": "TASIKMALAYA",
      "facebookLink": "",
      "fax": "",
      "hasBookingStall": false,
      "id": 22927,
      "isActive": true,
      "isMainDealer": false,
      "latitude": -7.330481,
      "longitude": 108.218921,
      "mondayToFriday": "",
      "phone1": "0265 313555 / 0265 337533",
      "phone2": "",
      "postalCode": "",
      "regionName": "Jawa Barat",
      "saturday": "",
      "sunday": "",
      "twitterLink": "",
      "webSiteLink": "",
    },
    Object {
      "address": "Jl. D.I. Panjaitan No. 58A, Indramayu",
      "bookType": 0,
      "branchCode": "D268",
      "branchDescription": "Astra Daihatsu
Indramayu",
      "branchEmailCc": "",
      "branchEmailTo": "",
      "branchPICName": "",
      "branchTypeCode": "V",
      "companyCode": "0003",
      "distance": 0,
      "districtId": 554,
      "districtName": "KABUPATEN INDRAMAYU",
      "facebookLink": "",
      "fax": "",
      "hasBookingStall": false,
      "id": 22928,
      "isActive": true,
      "isMainDealer": false,
      "latitude": -6.334061,
      "longitude": 108.329212,
      "mondayToFriday": "",
      "phone1": "0234 275293",
      "phone2": "",
      "postalCode": "",
      "regionName": "Jawa Barat",
      "saturday": "",
      "sunday": "",
      "twitterLink": "",
      "webSiteLink": "",
    },
    Object {
      "address": "Jl. Mayjen Sutoyo No. 85, Mantrijeron, Yogyakarta",
      "bookType": 0,
      "branchCode": "D362",
      "branchDescription": "Astra Daihatsu
Yogyakarta Sutoyo",
      "branchEmailCc": "",
      "branchEmailTo": "",
      "branchPICName": "",
      "branchTypeCode": "V",
      "companyCode": "0003",
      "distance": 0,
      "districtId": 598,
      "districtName": "KOTA YOGYAKARTA",
      "facebookLink": "",
      "fax": "",
      "hasBookingStall": false,
      "id": 22929,
      "isActive": true,
      "isMainDealer": false,
      "latitude": -7.814595,
      "longitude": 110.367336,
      "mondayToFriday": "",
      "phone1": "0274 377121 / 0274 377121",
      "phone2": "",
      "postalCode": "",
      "regionName": "Jawa Tengah",
      "saturday": "",
      "sunday": "",
      "twitterLink": "",
      "webSiteLink": "",
    },
    Object {
      "address": "Jl. Laksda Adi Sucipto KM 8,1 Maguwoharjo,
Depok Sleman, Yogyakarta ",
      "bookType": 0,
      "branchCode": "D363",
      "branchDescription": "Astra Daihatsu
Yogyakarta Adi Sucipto",
      "branchEmailCc": "",
      "branchEmailTo": "",
      "branchPICName": "",
      "branchTypeCode": "V",
      "companyCode": "0003",
      "distance": 0,
      "districtId": 597,
      "districtName": "KABUPATEN SLEMAN",
      "facebookLink": "",
      "fax": "",
      "hasBookingStall": false,
      "id": 22930,
      "isActive": true,
      "isMainDealer": false,
      "latitude": -7.783476,
      "longitude": 110.420958,
      "mondayToFriday": "",
      "phone1": "0274 484644 / 0274
484295",
      "phone2": "",
      "postalCode": "",
      "regionName": "Jawa Tengah",
      "saturday": "",
      "sunday": "",
      "twitterLink": "",
      "webSiteLink": "",
    },
    Object {
      "address": "Jl. Mataram No. 72, Yogyakarta",
      "bookType": 0,
      "branchCode": "D364",
      "branchDescription": "Astra Daihatsu
Yogyakarta Mataram",
      "branchEmailCc": "",
      "branchEmailTo": "",
      "branchPICName": "",
      "branchTypeCode": "V",
      "companyCode": "0003",
      "distance": 0,
      "districtId": 598,
      "districtName": "KOTA YOGYAKARTA",
      "facebookLink": "",
      "fax": "",
      "hasBookingStall": false,
      "id": 22931,
      "isActive": true,
      "isMainDealer": false,
      "latitude": -7.79292,
      "longitude": 110.367681,
      "mondayToFriday": "",
      "phone1": "0274 587747 / 0274 587724",
      "phone2": "",
      "postalCode": "",
      "regionName": "Jawa Tengah",
      "saturday": "",
      "sunday": "",
      "twitterLink": "",
      "webSiteLink": "",
    },
    Object {
      "address": "Jl. Sutan Syahrir No. 128, Solo",
      "bookType": 0,
      "branchCode": "D370",
      "branchDescription": "Astra Daihatsu
Solo Tambaksegaran",
      "branchEmailCc": "",
      "branchEmailTo": "",
      "branchPICName": "",
      "branchTypeCode": "V",
      "companyCode": "0003",
      "distance": 0,
      "districtId": 575,
      "districtName": "KOTA SURAKARTA",
      "facebookLink": "",
      "fax": "",
      "hasBookingStall": false,
      "id": 22932,
      "isActive": true,
      "isMainDealer": false,
      "latitude": -7.564353,
      "longitude": 110.827974,
      "mondayToFriday": "",
      "phone1": "0271 645014 / 0271 665808",
      "phone2": "",
      "postalCode": "",
      "regionName": "Jawa Tengah",
      "saturday": "",
      "sunday": "",
      "twitterLink": "",
      "webSiteLink": "",
    },
    Object {
      "address": "Jl. Pengampon No. 67 Surabaya",
      "bookType": 0,
      "branchCode": "D452",
      "branchDescription": "Astra Daihatsu
Surabaya Pengampon",
      "branchEmailCc": "",
      "branchEmailTo": "",
      "branchPICName": "",
      "branchTypeCode": "V",
      "companyCode": "0003",
      "distance": 0,
      "districtId": 879,
      "districtName": "KOTA SURABAYA",
      "facebookLink": "",
      "fax": "",
      "hasBookingStall": false,
      "id": 22934,
      "isActive": true,
      "isMainDealer": false,
      "latitude": -7.24669,
      "longitude": 112.747381,
      "mondayToFriday": "",
      "phone1": "031 3552700 / 031 3530082",
      "phone2": "",
      "postalCode": "",
      "regionName": "Jawa Timur",
      "saturday": "",
      "sunday": "",
      "twitterLink": "",
      "webSiteLink": "",
    },
    Object {
      "address": "Jl. Jayanegara No. 30-D, Puri, Mojokerto",
      "bookType": 0,
      "branchCode": "D474",
      "branchDescription": "Astra Daihatsu
Mojokerto",
      "branchEmailCc": "",
      "branchEmailTo": "",
      "branchPICName": "",
      "branchTypeCode": "V",
      "companyCode": "0003",
      "distance": 0,
      "districtId": 858,
      "districtName": "MOJOKERTO",
      "facebookLink": "",
      "fax": "",
      "hasBookingStall": false,
      "id": 22935,
      "isActive": true,
      "isMainDealer": false,
      "latitude": 0,
      "longitude": 0,
      "mondayToFriday": "",
      "phone1": "0321
330190",
      "phone2": "",
      "postalCode": "",
      "regionName": "Jawa Timur",
      "saturday": "",
      "sunday": "",
      "twitterLink": "",
      "webSiteLink": "",
    },
    Object {
      "address": "Jl. Arief Margono No. 25, Malang ",
      "bookType": 0,
      "branchCode": "D476",
      "branchDescription": "Astra Daihatsu
Malang Kebon Sari",
      "branchEmailCc": "",
      "branchEmailTo": "",
      "branchPICName": "",
      "branchTypeCode": "V",
      "companyCode": "0003",
      "distance": 0,
      "districtId": 874,
      "districtName": "KOTA MALANG",
      "facebookLink": "",
      "fax": "",
      "hasBookingStall": false,
      "id": 22936,
      "isActive": true,
      "isMainDealer": false,
      "latitude": -7.985181,
      "longitude": 112.624657,
      "mondayToFriday": "",
      "phone1": "0341 366362 / 0341 357978",
      "phone2": "",
      "postalCode": "",
      "regionName": "Jawa Timur",
      "saturday": "",
      "sunday": "",
      "twitterLink": "",
      "webSiteLink": "",
    },
    Object {
      "address": "Jl. Veteran No. 9, Ruko Blok M. 10-11, Pasuruan",
      "bookType": 0,
      "branchCode": "D478",
      "branchDescription": "Astra Daihatsu
Pasuruan",
      "branchEmailCc": "",
      "branchEmailTo": "",
      "branchPICName": "",
      "branchTypeCode": "V",
      "companyCode": "0003",
      "distance": 0,
      "districtId": 856,
      "districtName": "PASURUAN",
      "facebookLink": "",
      "fax": "",
      "hasBookingStall": false,
      "id": 22937,
      "isActive": true,
      "isMainDealer": false,
      "latitude": -7.645112,
      "longitude": 112.913446,
      "mondayToFriday": "",
      "phone1": "0343 429000 / 0343 418200",
      "phone2": "",
      "postalCode": "",
      "regionName": "Jawa Timur",
      "saturday": "",
      "sunday": "",
      "twitterLink": "",
      "webSiteLink": "",
    },
    Object {
      "address": "Jl. Imam Bonjol No. 529, Pontianak",
      "bookType": 0,
      "branchCode": "D721",
      "branchDescription": "Astra Daihatsu
Pontianak Imam Bonjol",
      "branchEmailCc": "",
      "branchEmailTo": "",
      "branchPICName": "",
      "branchTypeCode": "V",
      "companyCode": "0003",
      "distance": 0,
      "districtId": 630,
      "districtName": "KOTA PONTIANAK",
      "facebookLink": "",
      "fax": "",
      "hasBookingStall": false,
      "id": 22943,
      "isActive": true,
      "isMainDealer": false,
      "latitude": 0,
      "longitude": 0,
      "mondayToFriday": "",
      "phone1": "0561 748260 / 0561 732768",
      "phone2": "",
      "postalCode": "",
      "regionName": "Kalimantan",
      "saturday": "",
      "sunday": "",
      "twitterLink": "",
      "webSiteLink": "",
    },
    Object {
      "address": "Jl. A.Yani KM 36,5 RT 15 No. 7 ,Simpang 4,
Banjarbaru,Kalimantan Selatan",
      "bookType": 0,
      "branchCode": "D731",
      "branchDescription": "Astra Daihatsu
Banjarbaru",
      "branchEmailCc": "",
      "branchEmailTo": "",
      "branchPICName": "",
      "branchTypeCode": "V",
      "companyCode": "0003",
      "distance": 0,
      "districtId": 934,
      "districtName": "KOTA BANJAR BARU",
      "facebookLink": "",
      "fax": "",
      "hasBookingStall": false,
      "id": 22944,
      "isActive": true,
      "isMainDealer": false,
      "latitude": 0,
      "longitude": 0,
      "mondayToFriday": "",
      "phone1": "0511 4782981 / 0511-4782981",
      "phone2": "",
      "postalCode": "",
      "regionName": "Kalimantan",
      "saturday": "",
      "sunday": "",
      "twitterLink": "",
      "webSiteLink": "",
    },
    Object {
      "address": "Jl. Tritura No. 13-15, Medan",
      "bookType": 0,
      "branchCode": "D562",
      "branchDescription": "Astra Daihatsu
Medan Tritura",
      "branchEmailCc": "",
      "branchEmailTo": "",
      "branchPICName": "",
      "branchTypeCode": "V",
      "companyCode": "0003",
      "distance": 0,
      "districtId": 743,
      "districtName": "KOTA MEDAN",
      "facebookLink": "",
      "fax": "",
      "hasBookingStall": false,
      "id": 22945,
      "isActive": true,
      "isMainDealer": false,
      "latitude": 0,
      "longitude": 0,
      "mondayToFriday": "",
      "phone1": "061 7876767",
      "phone2": "",
      "postalCode": "",
      "regionName": "Sumatera",
      "saturday": "",
      "sunday": "",
      "twitterLink": "",
      "webSiteLink": "",
    },
    Object {
      "address": "Jl. Jend. Sudirman No. 12 Prabumulih",
      "bookType": 0,
      "branchCode": "D602",
      "branchDescription": "Astra Daihatsu
Prabumulih",
      "branchEmailCc": "",
      "branchEmailTo": "",
      "branchPICName": "",
      "branchTypeCode": "V",
      "companyCode": "0003",
      "distance": 0,
      "districtId": 534,
      "districtName": "KOTA PRABUMULIH",
      "facebookLink": "",
      "fax": "",
      "hasBookingStall": false,
      "id": 22948,
      "isActive": true,
      "isMainDealer": false,
      "latitude": 0,
      "longitude": 0,
      "mondayToFriday": "",
      "phone1": "0713
322649 / 0713 321793",
      "phone2": "",
      "postalCode": "",
      "regionName": "Sumatera",
      "saturday": "",
      "sunday": "",
      "twitterLink": "",
      "webSiteLink": "",
    },
    Object {
      "address": "Jl. HR Subrantas No. 23 Km 12, Tampan, Pekanbaru",
      "bookType": 0,
      "branchCode": "D631",
      "branchDescription": "Astra Daihatsu
Pekanbaru Panam",
      "branchEmailCc": "",
      "branchEmailTo": "",
      "branchPICName": "",
      "branchTypeCode": "V",
      "companyCode": "0003",
      "distance": 0,
      "districtId": 776,
      "districtName": "PEKANBARU",
      "facebookLink": "",
      "fax": "",
      "hasBookingStall": false,
      "id": 22950,
      "isActive": false,
      "isMainDealer": false,
      "latitude": 0,
      "longitude": 0,
      "mondayToFriday": "",
      "phone1": "0761 589788",
      "phone2": "",
      "postalCode": "",
      "regionName": "Sumatera",
      "saturday": "",
      "sunday": "",
      "twitterLink": "",
      "webSiteLink": "",
    },
    Object {
      "address": "Kawasan Kota Harapan Indah, Jl. Boulevard Raya Kav  Commercial Park I No. 9C, Kel Medan Satria, Bekasi",
      "bookType": 0,
      "branchCode": "D108",
      "branchDescription": "Astra Daihatsu Harapan Indah",
      "branchEmailCc": "",
      "branchEmailTo": "",
      "branchPICName": "",
      "branchTypeCode": "DV",
      "companyCode": "0003",
      "distance": 0,
      "districtId": 547,
      "districtName": "KOTA JAKARTA TIMUR",
      "fax": "",
      "hasBookingStall": false,
      "id": 23024,
      "isActive": false,
      "isMainDealer": false,
      "latitude": 0,
      "longitude": 0,
      "mondayToFriday": "",
      "phone1": "021 29566699",
      "phone2": "",
      "postalCode": "",
      "regionName": "DKI 2",
      "saturday": "",
      "sunday": "",
      "webSiteLink": "",
    },
    Object {
      "address": "Jl. Laks. Yos Sudarso Kav. 46-48 Sunter II, Jakarta Utara ",
      "bookType": 0,
      "branchCode": "88888",
      "branchDescription": "Astra Daihatsu Sunters",
      "branchEmailCc": "",
      "branchEmailTo": "",
      "branchPICName": "Suparmano",
      "branchTypeCode": "VSP",
      "companyCode": "0003",
      "distance": 0,
      "districtId": 1,
      "districtName": "KEDIRI",
      "fax": "",
      "hasBookingStall": false,
      "id": 23755,
      "isActive": false,
      "isMainDealer": false,
      "latitude": 0,
      "longitude": 0,
      "mondayToFriday": "08.00 – 17.00 & Rabu 08.00 – 14.00",
      "phone1": "(021) 65302000",
      "phone2": "",
      "postalCode": "",
      "regionName": "IBTT",
      "saturday": "08.00 – 17.00",
      "sunday": "close",
      "webSiteLink": "",
    },
  ],
  "build": "0",
  "district": Array [],
  "hobbies": Array [],
  "holidayCalendar": Array [],
  "jobService": Array [],
  "jobServiceCompany": Array [],
  "location": Array [],
  "parameterConfigApplication": Array [],
  "province": Array [],
  "region": Array [],
  "vehicleBrand": Array [],
  "vehicleTestDrive": Array [],
  "version": "1.0",
}
`;
