// Jest Snapshot v1, https://goo.gl/fbAQLP

exports[`Master Data Job service company Can get master data job service company successfully - positive test cases 1`] = `
Object {
  "acknowledge": 1,
  "branch": Array [],
  "build": "0",
  "district": Array [],
  "hobbies": Array [],
  "holidayCalendar": Array [],
  "jobService": Array [],
  "jobServiceCompany": Array [
    Object {
      "actual": 0.5,
      "id": 2400,
      "isActive": true,
      "jobCode": "1000",
      "jobDescription": "1.000 KM",
      "price": 159500,
      "rate": 0,
      "serviceCategory": "Periodic Maintenance",
      "vehicleType": "AYLA",
    },
    Object {
      "actual": 1.5,
      "id": 2341,
      "isActive": true,
      "jobCode": "10000",
      "jobDescription": "CHECKING 10.000",
      "price": 165880,
      "rate": 0,
      "serviceCategory": "Periodic Maintenance",
      "vehicleType": "AYLA",
    },
    Object {
      "actual": 3,
      "id": 2372,
      "isActive": true,
      "jobCode": "100000",
      "jobDescription": "CHECKING 100.000",
      "price": 385990,
      "rate": 0,
      "serviceCategory": "Periodic Maintenance",
      "vehicleType": "AYLA",
    },
    Object {
      "actual": 1,
      "id": 3045,
      "isActive": true,
      "jobCode": "10001",
      "jobDescription": "CHECKING I (1.000 KM)",
      "price": 41800,
      "rate": 0,
      "serviceCategory": "Periodic Maintenance",
      "vehicleType": "AYLA",
    },
    Object {
      "actual": 2.5,
      "id": 2373,
      "isActive": true,
      "jobCode": "110000",
      "jobDescription": "CHECKING 110,130,150 dst",
      "price": 324720,
      "rate": 0,
      "serviceCategory": "Periodic Maintenance",
      "vehicleType": "AYLA",
    },
    Object {
      "actual": 4,
      "id": 2374,
      "isActive": true,
      "jobCode": "120000",
      "jobDescription": "CHECKING 120,200,280 dst",
      "price": 522500,
      "rate": 0,
      "serviceCategory": "Periodic Maintenance",
      "vehicleType": "AYLA",
    },
    Object {
      "actual": 3,
      "id": 2375,
      "isActive": true,
      "jobCode": "140000",
      "jobDescription": "CHECKING 140,180,220 dst",
      "price": 385990,
      "rate": 0,
      "serviceCategory": "Periodic Maintenance",
      "vehicleType": "AYLA",
    },
    Object {
      "actual": 4,
      "id": 2376,
      "isActive": true,
      "jobCode": "160000",
      "jobDescription": "CHECKING 160,240,320 dst",
      "price": 497420,
      "rate": 0,
      "serviceCategory": "Periodic Maintenance",
      "vehicleType": "AYLA",
    },
    Object {
      "actual": 2.5,
      "id": 2377,
      "isActive": true,
      "jobCode": "20000",
      "jobDescription": "CHECKING 20.000",
      "price": 316800,
      "rate": 0,
      "serviceCategory": "Periodic Maintenance",
      "vehicleType": "AYLA",
    },
    Object {
      "actual": 2,
      "id": 2378,
      "isActive": true,
      "jobCode": "30000",
      "jobDescription": "CHECKING 30.000",
      "price": 220660,
      "rate": 0,
      "serviceCategory": "Periodic Maintenance",
      "vehicleType": "AYLA",
    },
    Object {
      "actual": 3,
      "id": 2379,
      "isActive": true,
      "jobCode": "40000",
      "jobDescription": "CHECKING 40.000",
      "price": 405790,
      "rate": 0,
      "serviceCategory": "Periodic Maintenance",
      "vehicleType": "AYLA",
    },
    Object {
      "actual": 2,
      "id": 2380,
      "isActive": true,
      "jobCode": "50000",
      "jobDescription": "CHECKING 50.000",
      "price": 250800,
      "rate": 0,
      "serviceCategory": "Periodic Maintenance",
      "vehicleType": "AYLA",
    },
    Object {
      "actual": 3,
      "id": 2381,
      "isActive": true,
      "jobCode": "60000",
      "jobDescription": "CHECKING 60.000",
      "price": 350460,
      "rate": 0,
      "serviceCategory": "Periodic Maintenance",
      "vehicleType": "AYLA",
    },
    Object {
      "actual": 2,
      "id": 2382,
      "isActive": true,
      "jobCode": "70000",
      "jobDescription": "CHECKING 70.000",
      "price": 274890,
      "rate": 0,
      "serviceCategory": "Periodic Maintenance",
      "vehicleType": "AYLA",
    },
    Object {
      "actual": 4,
      "id": 2383,
      "isActive": true,
      "jobCode": "80000",
      "jobDescription": "CHECKING 80.000",
      "price": 497420,
      "rate": 0,
      "serviceCategory": "Periodic Maintenance",
      "vehicleType": "AYLA",
    },
    Object {
      "actual": 2.5,
      "id": 2399,
      "isActive": true,
      "jobCode": "90000",
      "jobDescription": "CHECKING 90.000",
      "price": 301070,
      "rate": 0,
      "serviceCategory": "Periodic Maintenance",
      "vehicleType": "AYLA",
    },
    Object {
      "actual": 1.2,
      "id": 3076,
      "isActive": true,
      "jobCode": "ADD9",
      "jobDescription": "Ayla",
      "price": 1111,
      "rate": 0,
      "serviceCategory": "KAT",
      "vehicleType": "AYLA",
    },
    Object {
      "actual": 1,
      "id": 2937,
      "isActive": true,
      "jobCode": "OTHER",
      "jobDescription": "PERBAIKAN LAINNYA",
      "price": 0,
      "rate": 0,
      "serviceCategory": "General Repair",
      "vehicleType": "AYLA",
    },
    Object {
      "actual": 1,
      "id": 3074,
      "isActive": true,
      "jobCode": "1",
      "jobDescription": "test",
      "price": 1000,
      "rate": 0,
      "serviceCategory": "Periodic Maintenance",
      "vehicleType": "GRANMAX",
    },
    Object {
      "actual": 0.5,
      "id": 2817,
      "isActive": true,
      "jobCode": "1000",
      "jobDescription": "1.000 KM",
      "price": 159500,
      "rate": 0,
      "serviceCategory": "Periodic Maintenance",
      "vehicleType": "GRANMAX1.3",
    },
    Object {
      "actual": 3,
      "id": 2803,
      "isActive": true,
      "jobCode": "10000",
      "jobDescription": "CHECKING 10.000",
      "price": 0,
      "rate": 0,
      "serviceCategory": "Periodic Maintenance",
      "vehicleType": "GRANMAX1.3",
    },
    Object {
      "actual": 3,
      "id": 2804,
      "isActive": true,
      "jobCode": "100000",
      "jobDescription": "CHECKING 100.000",
      "price": 0,
      "rate": 0,
      "serviceCategory": "Periodic Maintenance",
      "vehicleType": "GRANMAX1.3",
    },
    Object {
      "actual": 3,
      "id": 2805,
      "isActive": true,
      "jobCode": "110000",
      "jobDescription": "CHECKING 110,130,150 dst",
      "price": 0,
      "rate": 0,
      "serviceCategory": "Periodic Maintenance",
      "vehicleType": "GRANMAX1.3",
    },
    Object {
      "actual": 3,
      "id": 2806,
      "isActive": true,
      "jobCode": "120000",
      "jobDescription": "CHECKING 120,200,280 dst",
      "price": 0,
      "rate": 0,
      "serviceCategory": "Periodic Maintenance",
      "vehicleType": "GRANMAX1.3",
    },
    Object {
      "actual": 3,
      "id": 2807,
      "isActive": true,
      "jobCode": "140000",
      "jobDescription": "CHECKING 140,180,220 dst",
      "price": 0,
      "rate": 0,
      "serviceCategory": "Periodic Maintenance",
      "vehicleType": "GRANMAX1.3",
    },
    Object {
      "actual": 3.5,
      "id": 2808,
      "isActive": true,
      "jobCode": "160000",
      "jobDescription": "CHECKING 160,240,320 dst",
      "price": 0,
      "rate": 0,
      "serviceCategory": "Periodic Maintenance",
      "vehicleType": "GRANMAX1.3",
    },
    Object {
      "actual": 3,
      "id": 2809,
      "isActive": true,
      "jobCode": "20000",
      "jobDescription": "CHECKING 20.000",
      "price": 0,
      "rate": 0,
      "serviceCategory": "Periodic Maintenance",
      "vehicleType": "GRANMAX1.3",
    },
    Object {
      "actual": 3,
      "id": 2810,
      "isActive": true,
      "jobCode": "30000",
      "jobDescription": "CHECKING 30.000",
      "price": 0,
      "rate": 0,
      "serviceCategory": "Periodic Maintenance",
      "vehicleType": "GRANMAX1.3",
    },
    Object {
      "actual": 3,
      "id": 2811,
      "isActive": true,
      "jobCode": "40000",
      "jobDescription": "CHECKING 40.000",
      "price": 0,
      "rate": 0,
      "serviceCategory": "Periodic Maintenance",
      "vehicleType": "GRANMAX1.3",
    },
    Object {
      "actual": 3,
      "id": 2812,
      "isActive": true,
      "jobCode": "50000",
      "jobDescription": "CHECKING 50.000",
      "price": 0,
      "rate": 0,
      "serviceCategory": "Periodic Maintenance",
      "vehicleType": "GRANMAX1.3",
    },
    Object {
      "actual": 3,
      "id": 2813,
      "isActive": true,
      "jobCode": "60000",
      "jobDescription": "CHECKING 60.000",
      "price": 0,
      "rate": 0,
      "serviceCategory": "Periodic Maintenance",
      "vehicleType": "GRANMAX1.3",
    },
    Object {
      "actual": 3,
      "id": 2814,
      "isActive": true,
      "jobCode": "70000",
      "jobDescription": "CHECKING 70.000",
      "price": 0,
      "rate": 0,
      "serviceCategory": "Periodic Maintenance",
      "vehicleType": "GRANMAX1.3",
    },
    Object {
      "actual": 3.5,
      "id": 2815,
      "isActive": true,
      "jobCode": "80000",
      "jobDescription": "CHECKING 80.000",
      "price": 0,
      "rate": 0,
      "serviceCategory": "Periodic Maintenance",
      "vehicleType": "GRANMAX1.3",
    },
    Object {
      "actual": 3,
      "id": 2816,
      "isActive": true,
      "jobCode": "90000",
      "jobDescription": "CHECKING 90.000",
      "price": 0,
      "rate": 0,
      "serviceCategory": "Periodic Maintenance",
      "vehicleType": "GRANMAX1.3",
    },
    Object {
      "actual": 1,
      "id": 2938,
      "isActive": true,
      "jobCode": "OTHER",
      "jobDescription": "PERBAIKAN LAINNYA",
      "price": 0,
      "rate": 0,
      "serviceCategory": "General Repair",
      "vehicleType": "GRANMAX1.3",
    },
    Object {
      "actual": 1,
      "id": 2832,
      "isActive": true,
      "jobCode": "1000",
      "jobDescription": "CHECKING I (1.000 KM)",
      "price": 0,
      "rate": 0,
      "serviceCategory": "Periodic Maintenance",
      "vehicleType": "GRANMAX1.5",
    },
    Object {
      "actual": 3,
      "id": 2818,
      "isActive": true,
      "jobCode": "10000",
      "jobDescription": "CHECKING 10.000",
      "price": 0,
      "rate": 0,
      "serviceCategory": "Periodic Maintenance",
      "vehicleType": "GRANMAX1.5",
    },
    Object {
      "actual": 3,
      "id": 2819,
      "isActive": true,
      "jobCode": "100000",
      "jobDescription": "CHECKING 100.000",
      "price": 0,
      "rate": 0,
      "serviceCategory": "Periodic Maintenance",
      "vehicleType": "GRANMAX1.5",
    },
    Object {
      "actual": 3,
      "id": 2820,
      "isActive": true,
      "jobCode": "110000",
      "jobDescription": "CHECKING 110,130,150 dst",
      "price": 0,
      "rate": 0,
      "serviceCategory": "Periodic Maintenance",
      "vehicleType": "GRANMAX1.5",
    },
    Object {
      "actual": 3,
      "id": 2821,
      "isActive": true,
      "jobCode": "120000",
      "jobDescription": "CHECKING 120,200,280 dst",
      "price": 0,
      "rate": 0,
      "serviceCategory": "Periodic Maintenance",
      "vehicleType": "GRANMAX1.5",
    },
    Object {
      "actual": 3,
      "id": 2822,
      "isActive": true,
      "jobCode": "140000",
      "jobDescription": "CHECKING 140,180,220 dst",
      "price": 0,
      "rate": 0,
      "serviceCategory": "Periodic Maintenance",
      "vehicleType": "GRANMAX1.5",
    },
    Object {
      "actual": 3.5,
      "id": 2823,
      "isActive": true,
      "jobCode": "160000",
      "jobDescription": "CHECKING 160,240,320 dst",
      "price": 0,
      "rate": 0,
      "serviceCategory": "Periodic Maintenance",
      "vehicleType": "GRANMAX1.5",
    },
    Object {
      "actual": 3,
      "id": 2824,
      "isActive": true,
      "jobCode": "20000",
      "jobDescription": "CHECKING 20.000",
      "price": 0,
      "rate": 0,
      "serviceCategory": "Periodic Maintenance",
      "vehicleType": "GRANMAX1.5",
    },
    Object {
      "actual": 3,
      "id": 2825,
      "isActive": true,
      "jobCode": "30000",
      "jobDescription": "CHECKING 30.000",
      "price": 0,
      "rate": 0,
      "serviceCategory": "Periodic Maintenance",
      "vehicleType": "GRANMAX1.5",
    },
    Object {
      "actual": 3,
      "id": 2826,
      "isActive": true,
      "jobCode": "40000",
      "jobDescription": "CHECKING 40.000",
      "price": 0,
      "rate": 0,
      "serviceCategory": "Periodic Maintenance",
      "vehicleType": "GRANMAX1.5",
    },
    Object {
      "actual": 3,
      "id": 2827,
      "isActive": true,
      "jobCode": "50000",
      "jobDescription": "CHECKING 50.000",
      "price": 0,
      "rate": 0,
      "serviceCategory": "Periodic Maintenance",
      "vehicleType": "GRANMAX1.5",
    },
    Object {
      "actual": 3,
      "id": 2828,
      "isActive": true,
      "jobCode": "60000",
      "jobDescription": "CHECKING 60.000",
      "price": 0,
      "rate": 0,
      "serviceCategory": "Periodic Maintenance",
      "vehicleType": "GRANMAX1.5",
    },
    Object {
      "actual": 3,
      "id": 2829,
      "isActive": true,
      "jobCode": "70000",
      "jobDescription": "CHECKING 70.000",
      "price": 0,
      "rate": 0,
      "serviceCategory": "Periodic Maintenance",
      "vehicleType": "GRANMAX1.5",
    },
    Object {
      "actual": 3.5,
      "id": 2830,
      "isActive": true,
      "jobCode": "80000",
      "jobDescription": "CHECKING 80.000",
      "price": 0,
      "rate": 0,
      "serviceCategory": "Periodic Maintenance",
      "vehicleType": "GRANMAX1.5",
    },
    Object {
      "actual": 3,
      "id": 2831,
      "isActive": true,
      "jobCode": "90000",
      "jobDescription": "CHECKING 90.000",
      "price": 0,
      "rate": 0,
      "serviceCategory": "Periodic Maintenance",
      "vehicleType": "GRANMAX1.5",
    },
    Object {
      "actual": 1,
      "id": 2939,
      "isActive": true,
      "jobCode": "OTHER",
      "jobDescription": "PERBAIKAN LAINNYA",
      "price": 0,
      "rate": 0,
      "serviceCategory": "General Repair",
      "vehicleType": "GRANMAX1.5",
    },
    Object {
      "actual": 1,
      "id": 2847,
      "isActive": true,
      "jobCode": "1000",
      "jobDescription": "CHECKING I (1.000 KM)",
      "price": 41800,
      "rate": 0,
      "serviceCategory": "Periodic Maintenance",
      "vehicleType": "LUXIO",
    },
    Object {
      "actual": 3,
      "id": 2833,
      "isActive": true,
      "jobCode": "10000",
      "jobDescription": "CHECKING 10.000",
      "price": 461616,
      "rate": 0,
      "serviceCategory": "Periodic Maintenance",
      "vehicleType": "LUXIO",
    },
    Object {
      "actual": 3,
      "id": 2834,
      "isActive": true,
      "jobCode": "100000",
      "jobDescription": "CHECKING 100.000",
      "price": 567529,
      "rate": 0,
      "serviceCategory": "Periodic Maintenance",
      "vehicleType": "LUXIO",
    },
    Object {
      "actual": 3,
      "id": 2835,
      "isActive": true,
      "jobCode": "110000",
      "jobDescription": "CHECKING 110,130,150 dst",
      "price": 551489,
      "rate": 0,
      "serviceCategory": "Periodic Maintenance",
      "vehicleType": "LUXIO",
    },
    Object {
      "actual": 3,
      "id": 2836,
      "isActive": true,
      "jobCode": "120000",
      "jobDescription": "CHECKING 120,200,280 dst",
      "price": 668154,
      "rate": 0,
      "serviceCategory": "Periodic Maintenance",
      "vehicleType": "LUXIO",
    },
    Object {
      "actual": 3,
      "id": 2837,
      "isActive": true,
      "jobCode": "140000",
      "jobDescription": "CHECKING 140,180,220 dst",
      "price": 567529,
      "rate": 0,
      "serviceCategory": "Periodic Maintenance",
      "vehicleType": "LUXIO",
    },
    Object {
      "actual": 3.5,
      "id": 2838,
      "isActive": true,
      "jobCode": "160000",
      "jobDescription": "CHECKING 160,240,320 dst",
      "price": 740049,
      "rate": 0,
      "serviceCategory": "Periodic Maintenance",
      "vehicleType": "LUXIO",
    },
    Object {
      "actual": 3,
      "id": 2839,
      "isActive": true,
      "jobCode": "20000",
      "jobDescription": "CHECKING 20.000",
      "price": 567529,
      "rate": 0,
      "serviceCategory": "Periodic Maintenance",
      "vehicleType": "LUXIO",
    },
    Object {
      "actual": 3,
      "id": 2840,
      "isActive": true,
      "jobCode": "30000",
      "jobDescription": "CHECKING 30.000",
      "price": 551489,
      "rate": 0,
      "serviceCategory": "Periodic Maintenance",
      "vehicleType": "LUXIO",
    },
    Object {
      "actual": 3,
      "id": 2841,
      "isActive": true,
      "jobCode": "40000",
      "jobDescription": "CHECKING 40.000",
      "price": 668154,
      "rate": 0,
      "serviceCategory": "Periodic Maintenance",
      "vehicleType": "LUXIO",
    },
    Object {
      "actual": 3,
      "id": 2842,
      "isActive": true,
      "jobCode": "50000",
      "jobDescription": "CHECKING 50.000",
      "price": 551489,
      "rate": 0,
      "serviceCategory": "Periodic Maintenance",
      "vehicleType": "LUXIO",
    },
    Object {
      "actual": 3,
      "id": 2843,
      "isActive": true,
      "jobCode": "60000",
      "jobDescription": "CHECKING 60.000",
      "price": 567529,
      "rate": 0,
      "serviceCategory": "Periodic Maintenance",
      "vehicleType": "LUXIO",
    },
    Object {
      "actual": 3,
      "id": 2844,
      "isActive": true,
      "jobCode": "70000",
      "jobDescription": "CHECKING 70.000",
      "price": 551489,
      "rate": 0,
      "serviceCategory": "Periodic Maintenance",
      "vehicleType": "LUXIO",
    },
    Object {
      "actual": 3.5,
      "id": 2845,
      "isActive": true,
      "jobCode": "80000",
      "jobDescription": "CHECKING 80.000",
      "price": 740049,
      "rate": 0,
      "serviceCategory": "Periodic Maintenance",
      "vehicleType": "LUXIO",
    },
    Object {
      "actual": 3,
      "id": 2846,
      "isActive": true,
      "jobCode": "90000",
      "jobDescription": "CHECKING 90.000",
      "price": 551489,
      "rate": 0,
      "serviceCategory": "Periodic Maintenance",
      "vehicleType": "LUXIO",
    },
    Object {
      "actual": 1,
      "id": 2940,
      "isActive": true,
      "jobCode": "OTHER",
      "jobDescription": "PERBAIKAN LAINNYA",
      "price": 0,
      "rate": 0,
      "serviceCategory": "General Repair",
      "vehicleType": "LUXIO",
    },
    Object {
      "actual": 3,
      "id": 2790,
      "isActive": true,
      "jobCode": "100000",
      "jobDescription": "CHECKING 100.000",
      "price": 0,
      "rate": 0,
      "serviceCategory": "Periodic Maintenance",
      "vehicleType": "OTHERS",
    },
    Object {
      "actual": 3,
      "id": 2791,
      "isActive": true,
      "jobCode": "110000",
      "jobDescription": "CHECKING 110,130,150 dst",
      "price": 0,
      "rate": 0,
      "serviceCategory": "Periodic Maintenance",
      "vehicleType": "OTHERS",
    },
    Object {
      "actual": 3,
      "id": 2792,
      "isActive": true,
      "jobCode": "120000",
      "jobDescription": "CHECKING 120,200,280 dst",
      "price": 0,
      "rate": 0,
      "serviceCategory": "Periodic Maintenance",
      "vehicleType": "OTHERS",
    },
    Object {
      "actual": 3,
      "id": 2793,
      "isActive": true,
      "jobCode": "140000",
      "jobDescription": "CHECKING 140,180,220 dst",
      "price": 0,
      "rate": 0,
      "serviceCategory": "Periodic Maintenance",
      "vehicleType": "OTHERS",
    },
    Object {
      "actual": 3.5,
      "id": 2794,
      "isActive": true,
      "jobCode": "160000",
      "jobDescription": "CHECKING 160,240,320 dst",
      "price": 0,
      "rate": 0,
      "serviceCategory": "Periodic Maintenance",
      "vehicleType": "OTHERS",
    },
    Object {
      "actual": 3,
      "id": 2795,
      "isActive": true,
      "jobCode": "20000",
      "jobDescription": "CHECKING 20.000",
      "price": 0,
      "rate": 0,
      "serviceCategory": "Periodic Maintenance",
      "vehicleType": "OTHERS",
    },
    Object {
      "actual": 3,
      "id": 2796,
      "isActive": true,
      "jobCode": "30000",
      "jobDescription": "CHECKING 30.000",
      "price": 0,
      "rate": 0,
      "serviceCategory": "Periodic Maintenance",
      "vehicleType": "OTHERS",
    },
    Object {
      "actual": 3,
      "id": 2797,
      "isActive": true,
      "jobCode": "40000",
      "jobDescription": "CHECKING 40.000",
      "price": 0,
      "rate": 0,
      "serviceCategory": "Periodic Maintenance",
      "vehicleType": "OTHERS",
    },
    Object {
      "actual": 3,
      "id": 2798,
      "isActive": true,
      "jobCode": "50000",
      "jobDescription": "CHECKING 50.000",
      "price": 0,
      "rate": 0,
      "serviceCategory": "Periodic Maintenance",
      "vehicleType": "OTHERS",
    },
    Object {
      "actual": 3,
      "id": 2799,
      "isActive": true,
      "jobCode": "60000",
      "jobDescription": "CHECKING 60.000",
      "price": 0,
      "rate": 0,
      "serviceCategory": "Periodic Maintenance",
      "vehicleType": "OTHERS",
    },
    Object {
      "actual": 3,
      "id": 2800,
      "isActive": true,
      "jobCode": "70000",
      "jobDescription": "CHECKING 70.000",
      "price": 0,
      "rate": 0,
      "serviceCategory": "Periodic Maintenance",
      "vehicleType": "OTHERS",
    },
    Object {
      "actual": 3.5,
      "id": 2801,
      "isActive": true,
      "jobCode": "80000",
      "jobDescription": "CHECKING 80.000",
      "price": 0,
      "rate": 0,
      "serviceCategory": "Periodic Maintenance",
      "vehicleType": "OTHERS",
    },
    Object {
      "actual": 3,
      "id": 2802,
      "isActive": true,
      "jobCode": "90000",
      "jobDescription": "CHECKING 90.000",
      "price": 0,
      "rate": 0,
      "serviceCategory": "Periodic Maintenance",
      "vehicleType": "OTHERS",
    },
    Object {
      "actual": 1,
      "id": 1273,
      "isActive": true,
      "jobCode": "OTHER",
      "jobDescription": "Other Service",
      "price": 0,
      "rate": 0,
      "serviceCategory": "General Repair",
      "vehicleType": "OTHERS",
    },
    Object {
      "actual": 1,
      "id": 2862,
      "isActive": true,
      "jobCode": "1000",
      "jobDescription": "CHECKING I (1.000 KM)",
      "price": 41800,
      "rate": 0,
      "serviceCategory": "Periodic Maintenance",
      "vehicleType": "Sigra 1.0",
    },
    Object {
      "actual": 1.5,
      "id": 2848,
      "isActive": true,
      "jobCode": "10000",
      "jobDescription": "CHECKING 10.000 (Free Jasa)",
      "price": 211211,
      "rate": 0,
      "serviceCategory": "Periodic Maintenance",
      "vehicleType": "Sigra 1.0",
    },
    Object {
      "actual": 3,
      "id": 2849,
      "isActive": true,
      "jobCode": "100000",
      "jobDescription": "CHECKING 100.000",
      "price": 385990,
      "rate": 0,
      "serviceCategory": "Periodic Maintenance",
      "vehicleType": "Sigra 1.0",
    },
    Object {
      "actual": 2.5,
      "id": 2850,
      "isActive": true,
      "jobCode": "110000",
      "jobDescription": "CHECKING 110,130,150 dst",
      "price": 324720,
      "rate": 0,
      "serviceCategory": "Periodic Maintenance",
      "vehicleType": "Sigra 1.0",
    },
    Object {
      "actual": 4,
      "id": 2851,
      "isActive": true,
      "jobCode": "120000",
      "jobDescription": "CHECKING 120,200,280 dst",
      "price": 522500,
      "rate": 0,
      "serviceCategory": "Periodic Maintenance",
      "vehicleType": "Sigra 1.0",
    },
    Object {
      "actual": 3,
      "id": 2852,
      "isActive": true,
      "jobCode": "140000",
      "jobDescription": "CHECKING 140,180,220 dst",
      "price": 385990,
      "rate": 0,
      "serviceCategory": "Periodic Maintenance",
      "vehicleType": "Sigra 1.0",
    },
    Object {
      "actual": 4,
      "id": 2853,
      "isActive": true,
      "jobCode": "160000",
      "jobDescription": "CHECKING 160,240,320 dst",
      "price": 497420,
      "rate": 0,
      "serviceCategory": "Periodic Maintenance",
      "vehicleType": "Sigra 1.0",
    },
    Object {
      "actual": 2.5,
      "id": 2854,
      "isActive": true,
      "jobCode": "20000",
      "jobDescription": "CHECKING 20.000 (Free Jasa)",
      "price": 404712,
      "rate": 0,
      "serviceCategory": "Periodic Maintenance",
      "vehicleType": "Sigra 1.0",
    },
    Object {
      "actual": 2,
      "id": 2855,
      "isActive": true,
      "jobCode": "30000",
      "jobDescription": "CHECKING 30.000 (Free Jasa)",
      "price": 281996,
      "rate": 0,
      "serviceCategory": "Periodic Maintenance",
      "vehicleType": "Sigra 1.0",
    },
    Object {
      "actual": 3,
      "id": 2856,
      "isActive": true,
      "jobCode": "40000",
      "jobDescription": "CHECKING 40.000 (Free Jasa)",
      "price": 516615,
      "rate": 0,
      "serviceCategory": "Periodic Maintenance",
      "vehicleType": "Sigra 1.0",
    },
    Object {
      "actual": 2,
      "id": 2857,
      "isActive": true,
      "jobCode": "50000",
      "jobDescription": "CHECKING 50.000 (Free Jasa)",
      "price": 320188,
      "rate": 0,
      "serviceCategory": "Periodic Maintenance",
      "vehicleType": "Sigra 1.0",
    },
    Object {
      "actual": 3,
      "id": 2858,
      "isActive": true,
      "jobCode": "60000",
      "jobDescription": "CHECKING 60.000",
      "price": 350460,
      "rate": 0,
      "serviceCategory": "Periodic Maintenance",
      "vehicleType": "Sigra 1.0",
    },
    Object {
      "actual": 2,
      "id": 2859,
      "isActive": true,
      "jobCode": "70000",
      "jobDescription": "CHECKING 70.000",
      "price": 274890,
      "rate": 0,
      "serviceCategory": "Periodic Maintenance",
      "vehicleType": "Sigra 1.0",
    },
    Object {
      "actual": 4,
      "id": 2860,
      "isActive": true,
      "jobCode": "80000",
      "jobDescription": "CHECKING 80.000",
      "price": 497420,
      "rate": 0,
      "serviceCategory": "Periodic Maintenance",
      "vehicleType": "Sigra 1.0",
    },
    Object {
      "actual": 2.5,
      "id": 2861,
      "isActive": true,
      "jobCode": "90000",
      "jobDescription": "CHECKING 90.000",
      "price": 301070,
      "rate": 0,
      "serviceCategory": "Periodic Maintenance",
      "vehicleType": "Sigra 1.0",
    },
    Object {
      "actual": 1,
      "id": 2941,
      "isActive": true,
      "jobCode": "OTHER",
      "jobDescription": "PERBAIKAN LAINNYA",
      "price": 0,
      "rate": 0,
      "serviceCategory": "General Repair",
      "vehicleType": "Sigra 1.0",
    },
    Object {
      "actual": 1,
      "id": 2877,
      "isActive": true,
      "jobCode": "1000",
      "jobDescription": "CHECKING I (1.000 KM)",
      "price": 41800,
      "rate": 0,
      "serviceCategory": "Periodic Maintenance",
      "vehicleType": "Sigra 1.2",
    },
    Object {
      "actual": 1.5,
      "id": 2863,
      "isActive": true,
      "jobCode": "10000",
      "jobDescription": "CHECKING 10.000 (Free Jasa)",
      "price": 211211,
      "rate": 0,
      "serviceCategory": "Periodic Maintenance",
      "vehicleType": "Sigra 1.2",
    },
    Object {
      "actual": 3.5,
      "id": 2864,
      "isActive": true,
      "jobCode": "100000",
      "jobDescription": "CHECKING 100.000",
      "price": 439230,
      "rate": 0,
      "serviceCategory": "Periodic Maintenance",
      "vehicleType": "Sigra 1.2",
    },
    Object {
      "actual": 2.5,
      "id": 2865,
      "isActive": true,
      "jobCode": "110000",
      "jobDescription": "CHECKING 110,130,150 dst",
      "price": 324720,
      "rate": 0,
      "serviceCategory": "Periodic Maintenance",
      "vehicleType": "Sigra 1.2",
    },
    Object {
      "actual": 4,
      "id": 2866,
      "isActive": true,
      "jobCode": "120000",
      "jobDescription": "CHECKING 120,200,280 dst",
      "price": 522500,
      "rate": 0,
      "serviceCategory": "Periodic Maintenance",
      "vehicleType": "Sigra 1.2",
    },
    Object {
      "actual": 3,
      "id": 2867,
      "isActive": true,
      "jobCode": "140000",
      "jobDescription": "CHECKING 140,180,220 dst",
      "price": 385990,
      "rate": 0,
      "serviceCategory": "Periodic Maintenance",
      "vehicleType": "Sigra 1.2",
    },
    Object {
      "actual": 4,
      "id": 2868,
      "isActive": true,
      "jobCode": "160000",
      "jobDescription": "CHECKING 160,240,320 dst",
      "price": 497420,
      "rate": 0,
      "serviceCategory": "Periodic Maintenance",
      "vehicleType": "Sigra 1.2",
    },
    Object {
      "actual": 2.5,
      "id": 2869,
      "isActive": true,
      "jobCode": "20000",
      "jobDescription": "CHECKING 20.000 (Free Jasa)",
      "price": 404712,
      "rate": 0,
      "serviceCategory": "Periodic Maintenance",
      "vehicleType": "Sigra 1.2",
    },
    Object {
      "actual": 1.5,
      "id": 2870,
      "isActive": true,
      "jobCode": "30000",
      "jobDescription": "CHECKING 30.000 (Free Jasa)",
      "price": 278080,
      "rate": 0,
      "serviceCategory": "Periodic Maintenance",
      "vehicleType": "Sigra 1.2",
    },
    Object {
      "actual": 3,
      "id": 2871,
      "isActive": true,
      "jobCode": "40000",
      "jobDescription": "CHECKING 40.000 (Free Jasa)",
      "price": 516615,
      "rate": 0,
      "serviceCategory": "Periodic Maintenance",
      "vehicleType": "Sigra 1.2",
    },
    Object {
      "actual": 2,
      "id": 2872,
      "isActive": true,
      "jobCode": "50000",
      "jobDescription": "CHECKING 50.000 (Free Jasa)",
      "price": 320188,
      "rate": 0,
      "serviceCategory": "Periodic Maintenance",
      "vehicleType": "Sigra 1.2",
    },
    Object {
      "actual": 2.5,
      "id": 2873,
      "isActive": true,
      "jobCode": "60000",
      "jobDescription": "CHECKING 60.000",
      "price": 337480,
      "rate": 0,
      "serviceCategory": "Periodic Maintenance",
      "vehicleType": "Sigra 1.2",
    },
    Object {
      "actual": 2,
      "id": 2874,
      "isActive": true,
      "jobCode": "70000",
      "jobDescription": "CHECKING 70.000",
      "price": 274890,
      "rate": 0,
      "serviceCategory": "Periodic Maintenance",
      "vehicleType": "Sigra 1.2",
    },
    Object {
      "actual": 4,
      "id": 2875,
      "isActive": true,
      "jobCode": "80000",
      "jobDescription": "CHECKING 80.000",
      "price": 497420,
      "rate": 0,
      "serviceCategory": "Periodic Maintenance",
      "vehicleType": "Sigra 1.2",
    },
    Object {
      "actual": 2.5,
      "id": 2876,
      "isActive": true,
      "jobCode": "90000",
      "jobDescription": "CHECKING 90.000",
      "price": 287980,
      "rate": 0,
      "serviceCategory": "Periodic Maintenance",
      "vehicleType": "Sigra 1.2",
    },
    Object {
      "actual": 1,
      "id": 2942,
      "isActive": true,
      "jobCode": "OTHER",
      "jobDescription": "PERBAIKAN LAINNYA",
      "price": 0,
      "rate": 0,
      "serviceCategory": "General Repair",
      "vehicleType": "Sigra 1.2",
    },
    Object {
      "actual": 1,
      "id": 2892,
      "isActive": true,
      "jobCode": "1000",
      "jobDescription": "CHECKING I (1.000 KM)",
      "price": 41800,
      "rate": 0,
      "serviceCategory": "Periodic Maintenance",
      "vehicleType": "SIRION",
    },
    Object {
      "actual": 3,
      "id": 2878,
      "isActive": true,
      "jobCode": "10000",
      "jobDescription": "CHECKING 10.000",
      "price": 463313,
      "rate": 0,
      "serviceCategory": "Periodic Maintenance",
      "vehicleType": "SIRION",
    },
    Object {
      "actual": 3,
      "id": 2879,
      "isActive": true,
      "jobCode": "100000",
      "jobDescription": "CHECKING 100.000",
      "price": 569541,
      "rate": 0,
      "serviceCategory": "Periodic Maintenance",
      "vehicleType": "SIRION",
    },
    Object {
      "actual": 3,
      "id": 2880,
      "isActive": true,
      "jobCode": "110000",
      "jobDescription": "CHECKING 110,130,150 dst",
      "price": 553516,
      "rate": 0,
      "serviceCategory": "Periodic Maintenance",
      "vehicleType": "SIRION",
    },
    Object {
      "actual": 3.5,
      "id": 2881,
      "isActive": true,
      "jobCode": "120000",
      "jobDescription": "CHECKING 120,200,280 dst",
      "price": 678217,
      "rate": 0,
      "serviceCategory": "Periodic Maintenance",
      "vehicleType": "SIRION",
    },
    Object {
      "actual": 3,
      "id": 2882,
      "isActive": true,
      "jobCode": "140000",
      "jobDescription": "CHECKING 140,180,220 dst",
      "price": 569541,
      "rate": 0,
      "serviceCategory": "Periodic Maintenance",
      "vehicleType": "SIRION",
    },
    Object {
      "actual": 3.5,
      "id": 2883,
      "isActive": true,
      "jobCode": "160000",
      "jobDescription": "CHECKING 160,240,320 dst",
      "price": 723829,
      "rate": 0,
      "serviceCategory": "Periodic Maintenance",
      "vehicleType": "SIRION",
    },
    Object {
      "actual": 3,
      "id": 2884,
      "isActive": true,
      "jobCode": "20000",
      "jobDescription": "CHECKING 20.000",
      "price": 569541,
      "rate": 0,
      "serviceCategory": "Periodic Maintenance",
      "vehicleType": "SIRION",
    },
    Object {
      "actual": 3,
      "id": 2885,
      "isActive": true,
      "jobCode": "30000",
      "jobDescription": "CHECKING 30.000",
      "price": 553516,
      "rate": 0,
      "serviceCategory": "Periodic Maintenance",
      "vehicleType": "SIRION",
    },
    Object {
      "actual": 3.5,
      "id": 2886,
      "isActive": true,
      "jobCode": "40000",
      "jobDescription": "CHECKING 40.000",
      "price": 678217,
      "rate": 0,
      "serviceCategory": "Periodic Maintenance",
      "vehicleType": "SIRION",
    },
    Object {
      "actual": 3,
      "id": 2887,
      "isActive": true,
      "jobCode": "50000",
      "jobDescription": "CHECKING 50.000",
      "price": 553516,
      "rate": 0,
      "serviceCategory": "Periodic Maintenance",
      "vehicleType": "SIRION",
    },
    Object {
      "actual": 3,
      "id": 2888,
      "isActive": true,
      "jobCode": "60000",
      "jobDescription": "CHECKING 60.000",
      "price": 569541,
      "rate": 0,
      "serviceCategory": "Periodic Maintenance",
      "vehicleType": "SIRION",
    },
    Object {
      "actual": 3,
      "id": 2889,
      "isActive": true,
      "jobCode": "70000",
      "jobDescription": "CHECKING 70.000",
      "price": 553516,
      "rate": 0,
      "serviceCategory": "Periodic Maintenance",
      "vehicleType": "SIRION",
    },
    Object {
      "actual": 3.5,
      "id": 2890,
      "isActive": true,
      "jobCode": "80000",
      "jobDescription": "CHECKING 80.000",
      "price": 723829,
      "rate": 0,
      "serviceCategory": "Periodic Maintenance",
      "vehicleType": "SIRION",
    },
    Object {
      "actual": 3,
      "id": 2891,
      "isActive": true,
      "jobCode": "90000",
      "jobDescription": "CHECKING 90.000",
      "price": 553516,
      "rate": 0,
      "serviceCategory": "Periodic Maintenance",
      "vehicleType": "SIRION",
    },
    Object {
      "actual": 1,
      "id": 2943,
      "isActive": true,
      "jobCode": "OTHER",
      "jobDescription": "PERBAIKAN LAINNYA",
      "price": 0,
      "rate": 0,
      "serviceCategory": "General Repair",
      "vehicleType": "SIRION",
    },
    Object {
      "actual": 0.5,
      "id": 1309,
      "isActive": true,
      "jobCode": "1000",
      "jobDescription": "1 KM 1 Banget",
      "price": 15950033,
      "rate": 0,
      "serviceCategory": "Periodic Maintenance",
      "vehicleType": "TERIOS",
    },
    Object {
      "actual": 3,
      "id": 2893,
      "isActive": true,
      "jobCode": "10000",
      "jobDescription": "CHECKING 10.000",
      "price": 565701,
      "rate": 0,
      "serviceCategory": "Periodic Maintenance",
      "vehicleType": "TERIOS",
    },
    Object {
      "actual": 3,
      "id": 2894,
      "isActive": true,
      "jobCode": "100000",
      "jobDescription": "CHECKING 100.000",
      "price": 683585,
      "rate": 0,
      "serviceCategory": "Periodic Maintenance",
      "vehicleType": "TERIOS",
    },
    Object {
      "actual": 0.5,
      "id": 3046,
      "isActive": true,
      "jobCode": "10001",
      "jobDescription": "1.000 KM",
      "price": 159500,
      "rate": 0,
      "serviceCategory": "Periodic Maintenance",
      "vehicleType": "TERIOS",
    },
    Object {
      "actual": 3,
      "id": 2895,
      "isActive": true,
      "jobCode": "110000",
      "jobDescription": "CHECKING 110,130,150 dst",
      "price": 675838,
      "rate": 0,
      "serviceCategory": "Periodic Maintenance",
      "vehicleType": "TERIOS",
    },
    Object {
      "actual": 3.5,
      "id": 2896,
      "isActive": true,
      "jobCode": "120000",
      "jobDescription": "CHECKING 120,200,280 dst",
      "price": 811119,
      "rate": 0,
      "serviceCategory": "Periodic Maintenance",
      "vehicleType": "TERIOS",
    },
    Object {
      "actual": 12,
      "id": 3043,
      "isActive": true,
      "jobCode": "123123",
      "jobDescription": "asdasdas",
      "price": 12312414,
      "rate": 0,
      "serviceCategory": "Periodic Maintenance",
      "vehicleType": "TERIOS",
    },
    Object {
      "actual": 3,
      "id": 2897,
      "isActive": true,
      "jobCode": "140000",
      "jobDescription": "CHECKING 140,180,220 dst",
      "price": 683585,
      "rate": 0,
      "serviceCategory": "Periodic Maintenance",
      "vehicleType": "TERIOS",
    },
    Object {
      "actual": 4,
      "id": 2898,
      "isActive": true,
      "jobCode": "160000",
      "jobDescription": "CHECKING 160,240,320 dst",
      "price": 963647,
      "rate": 0,
      "serviceCategory": "Periodic Maintenance",
      "vehicleType": "TERIOS",
    },
    Object {
      "actual": 0.5,
      "id": 1310,
      "isActive": true,
      "jobCode": "2000",
      "jobDescription": "2.000 KM",
      "price": 159500,
      "rate": 0,
      "serviceCategory": "Periodic Maintenance",
      "vehicleType": "TERIOS",
    },
    Object {
      "actual": 3,
      "id": 2899,
      "isActive": true,
      "jobCode": "20000",
      "jobDescription": "CHECKING 20.000",
      "price": 683585,
      "rate": 0,
      "serviceCategory": "Periodic Maintenance",
      "vehicleType": "TERIOS",
    },
    Object {
      "actual": 3,
      "id": 2900,
      "isActive": true,
      "jobCode": "30000",
      "jobDescription": "CHECKING 30.000",
      "price": 675838,
      "rate": 0,
      "serviceCategory": "Periodic Maintenance",
      "vehicleType": "TERIOS",
    },
    Object {
      "actual": 3.5,
      "id": 2901,
      "isActive": true,
      "jobCode": "40000",
      "jobDescription": "CHECKING 40.000",
      "price": 811119,
      "rate": 0,
      "serviceCategory": "Periodic Maintenance",
      "vehicleType": "TERIOS",
    },
    Object {
      "actual": 1,
      "id": 3044,
      "isActive": true,
      "jobCode": "444444",
      "jobDescription": "qweqweqwe",
      "price": 121312,
      "rate": 0,
      "serviceCategory": "Periodic Maintenance",
      "vehicleType": "TERIOS",
    },
    Object {
      "actual": 3,
      "id": 2902,
      "isActive": true,
      "jobCode": "50000",
      "jobDescription": "CHECKING 50.000",
      "price": 675838,
      "rate": 0,
      "serviceCategory": "Periodic Maintenance",
      "vehicleType": "TERIOS",
    },
    Object {
      "actual": 3,
      "id": 2903,
      "isActive": true,
      "jobCode": "60000",
      "jobDescription": "CHECKING 60.000",
      "price": 683585,
      "rate": 0,
      "serviceCategory": "Periodic Maintenance",
      "vehicleType": "TERIOS",
    },
    Object {
      "actual": 3,
      "id": 2904,
      "isActive": true,
      "jobCode": "70000",
      "jobDescription": "CHECKING 70.000",
      "price": 675838,
      "rate": 0,
      "serviceCategory": "Periodic Maintenance",
      "vehicleType": "TERIOS",
    },
    Object {
      "actual": 4,
      "id": 2905,
      "isActive": true,
      "jobCode": "80000",
      "jobDescription": "CHECKING 80.000",
      "price": 963647,
      "rate": 0,
      "serviceCategory": "Periodic Maintenance",
      "vehicleType": "TERIOS",
    },
    Object {
      "actual": 3,
      "id": 2906,
      "isActive": true,
      "jobCode": "90000",
      "jobDescription": "CHECKING 90.000",
      "price": 675838,
      "rate": 0,
      "serviceCategory": "Periodic Maintenance",
      "vehicleType": "TERIOS",
    },
    Object {
      "actual": 1,
      "id": 2944,
      "isActive": true,
      "jobCode": "OTHER",
      "jobDescription": "PERBAIKAN LAINNYA",
      "price": 0,
      "rate": 0,
      "serviceCategory": "General Repair",
      "vehicleType": "TERIOS",
    },
    Object {
      "actual": 1,
      "id": 2921,
      "isActive": true,
      "jobCode": "1000",
      "jobDescription": "CHECKING I (1.000 KM)",
      "price": 41800,
      "rate": 0,
      "serviceCategory": "Periodic Maintenance",
      "vehicleType": "XENIA1.0",
    },
    Object {
      "actual": 2.5,
      "id": 2907,
      "isActive": true,
      "jobCode": "10000",
      "jobDescription": "CHECKING 10.000",
      "price": 453836,
      "rate": 0,
      "serviceCategory": "Periodic Maintenance",
      "vehicleType": "XENIA1.0",
    },
    Object {
      "actual": 3,
      "id": 2908,
      "isActive": true,
      "jobCode": "100000",
      "jobDescription": "CHECKING 100.000",
      "price": 559705,
      "rate": 0,
      "serviceCategory": "Periodic Maintenance",
      "vehicleType": "XENIA1.0",
    },
    Object {
      "actual": 2.5,
      "id": 2909,
      "isActive": true,
      "jobCode": "110000",
      "jobDescription": "CHECKING 110,130,150 dst",
      "price": 542194,
      "rate": 0,
      "serviceCategory": "Periodic Maintenance",
      "vehicleType": "XENIA1.0",
    },
    Object {
      "actual": 3,
      "id": 2910,
      "isActive": true,
      "jobCode": "120000",
      "jobDescription": "CHECKING 120,200,280 dst",
      "price": 645813,
      "rate": 0,
      "serviceCategory": "Periodic Maintenance",
      "vehicleType": "XENIA1.0",
    },
    Object {
      "actual": 3,
      "id": 2911,
      "isActive": true,
      "jobCode": "140000",
      "jobDescription": "CHECKING 140,180,220 dst",
      "price": 559705,
      "rate": 0,
      "serviceCategory": "Periodic Maintenance",
      "vehicleType": "XENIA1.0",
    },
    Object {
      "actual": 3.5,
      "id": 2912,
      "isActive": true,
      "jobCode": "160000",
      "jobDescription": "CHECKING 160,240,320 dst",
      "price": 759071,
      "rate": 0,
      "serviceCategory": "Periodic Maintenance",
      "vehicleType": "XENIA1.0",
    },
    Object {
      "actual": 3,
      "id": 2913,
      "isActive": true,
      "jobCode": "20000",
      "jobDescription": "CHECKING 20.000",
      "price": 559705,
      "rate": 0,
      "serviceCategory": "Periodic Maintenance",
      "vehicleType": "XENIA1.0",
    },
    Object {
      "actual": 2.5,
      "id": 2914,
      "isActive": true,
      "jobCode": "30000",
      "jobDescription": "CHECKING 30.000",
      "price": 542194,
      "rate": 0,
      "serviceCategory": "Periodic Maintenance",
      "vehicleType": "XENIA1.0",
    },
    Object {
      "actual": 3,
      "id": 2915,
      "isActive": true,
      "jobCode": "40000",
      "jobDescription": "CHECKING 40.000",
      "price": 645813,
      "rate": 0,
      "serviceCategory": "Periodic Maintenance",
      "vehicleType": "XENIA1.0",
    },
    Object {
      "actual": 2.5,
      "id": 2916,
      "isActive": true,
      "jobCode": "50000",
      "jobDescription": "CHECKING 50.000",
      "price": 542194,
      "rate": 0,
      "serviceCategory": "Periodic Maintenance",
      "vehicleType": "XENIA1.0",
    },
    Object {
      "actual": 3,
      "id": 2917,
      "isActive": true,
      "jobCode": "60000",
      "jobDescription": "CHECKING 60.000",
      "price": 559705,
      "rate": 0,
      "serviceCategory": "Periodic Maintenance",
      "vehicleType": "XENIA1.0",
    },
    Object {
      "actual": 2.5,
      "id": 2918,
      "isActive": true,
      "jobCode": "70000",
      "jobDescription": "CHECKING 70.000",
      "price": 542194,
      "rate": 0,
      "serviceCategory": "Periodic Maintenance",
      "vehicleType": "XENIA1.0",
    },
    Object {
      "actual": 3.5,
      "id": 2919,
      "isActive": true,
      "jobCode": "80000",
      "jobDescription": "CHECKING 80.000",
      "price": 759071,
      "rate": 0,
      "serviceCategory": "Periodic Maintenance",
      "vehicleType": "XENIA1.0",
    },
    Object {
      "actual": 2.5,
      "id": 2920,
      "isActive": true,
      "jobCode": "90000",
      "jobDescription": "CHECKING 90.000",
      "price": 542194,
      "rate": 0,
      "serviceCategory": "Periodic Maintenance",
      "vehicleType": "XENIA1.0",
    },
    Object {
      "actual": 1,
      "id": 2945,
      "isActive": true,
      "jobCode": "OTHER",
      "jobDescription": "PERBAIKAN LAINNYA",
      "price": 0,
      "rate": 0,
      "serviceCategory": "General Repair",
      "vehicleType": "XENIA1.0",
    },
    Object {
      "actual": 1,
      "id": 2936,
      "isActive": true,
      "jobCode": "1000",
      "jobDescription": "CHECKING I (1.000 KM)",
      "price": 41800,
      "rate": 0,
      "serviceCategory": "Periodic Maintenance",
      "vehicleType": "XENIA1.3",
    },
    Object {
      "actual": 2.5,
      "id": 2922,
      "isActive": true,
      "jobCode": "10000",
      "jobDescription": "CHECKING 10.000",
      "price": 480850,
      "rate": 0,
      "serviceCategory": "Periodic Maintenance",
      "vehicleType": "XENIA1.3",
    },
    Object {
      "actual": 3,
      "id": 2923,
      "isActive": true,
      "jobCode": "100000",
      "jobDescription": "CHECKING 100.000",
      "price": 593020,
      "rate": 0,
      "serviceCategory": "Periodic Maintenance",
      "vehicleType": "XENIA1.3",
    },
    Object {
      "actual": 2,
      "id": 2924,
      "isActive": true,
      "jobCode": "110000",
      "jobDescription": "CHECKING 110,130,150 dst",
      "price": 650000,
      "rate": 0,
      "serviceCategory": "Periodic Maintenance",
      "vehicleType": "XENIA1.3",
    },
    Object {
      "actual": 3,
      "id": 2925,
      "isActive": true,
      "jobCode": "120000",
      "jobDescription": "CHECKING 120,200,280 dst",
      "price": 684254,
      "rate": 0,
      "serviceCategory": "Periodic Maintenance",
      "vehicleType": "XENIA1.3",
    },
    Object {
      "actual": 3,
      "id": 2926,
      "isActive": true,
      "jobCode": "140000",
      "jobDescription": "CHECKING 140,180,220 dst",
      "price": 593020,
      "rate": 0,
      "serviceCategory": "Periodic Maintenance",
      "vehicleType": "XENIA1.3",
    },
    Object {
      "actual": 3.5,
      "id": 2927,
      "isActive": true,
      "jobCode": "160000",
      "jobDescription": "CHECKING 160,240,320 dst",
      "price": 804254,
      "rate": 0,
      "serviceCategory": "Periodic Maintenance",
      "vehicleType": "XENIA1.3",
    },
    Object {
      "actual": 3,
      "id": 2928,
      "isActive": true,
      "jobCode": "20000",
      "jobDescription": "CHECKING 20.000",
      "price": 593020,
      "rate": 0,
      "serviceCategory": "Periodic Maintenance",
      "vehicleType": "XENIA1.3",
    },
    Object {
      "actual": 2.5,
      "id": 2929,
      "isActive": true,
      "jobCode": "30000",
      "jobDescription": "CHECKING 30.000",
      "price": 574467,
      "rate": 0,
      "serviceCategory": "Periodic Maintenance",
      "vehicleType": "XENIA1.3",
    },
    Object {
      "actual": 3,
      "id": 2930,
      "isActive": true,
      "jobCode": "40000",
      "jobDescription": "CHECKING 40.000",
      "price": 684254,
      "rate": 0,
      "serviceCategory": "Periodic Maintenance",
      "vehicleType": "XENIA1.3",
    },
    Object {
      "actual": 2.5,
      "id": 2931,
      "isActive": true,
      "jobCode": "50000",
      "jobDescription": "CHECKING 50.000",
      "price": 574467,
      "rate": 0,
      "serviceCategory": "Periodic Maintenance",
      "vehicleType": "XENIA1.3",
    },
    Object {
      "actual": 3,
      "id": 2932,
      "isActive": true,
      "jobCode": "60000",
      "jobDescription": "CHECKING 60.000",
      "price": 593020,
      "rate": 0,
      "serviceCategory": "Periodic Maintenance",
      "vehicleType": "XENIA1.3",
    },
    Object {
      "actual": 2.5,
      "id": 2933,
      "isActive": true,
      "jobCode": "70000",
      "jobDescription": "CHECKING 70.000",
      "price": 574467,
      "rate": 0,
      "serviceCategory": "Periodic Maintenance",
      "vehicleType": "XENIA1.3",
    },
    Object {
      "actual": 3.5,
      "id": 2934,
      "isActive": true,
      "jobCode": "80000",
      "jobDescription": "CHECKING 80.000",
      "price": 804254,
      "rate": 0,
      "serviceCategory": "Periodic Maintenance",
      "vehicleType": "XENIA1.3",
    },
    Object {
      "actual": 2.5,
      "id": 2935,
      "isActive": true,
      "jobCode": "90000",
      "jobDescription": "CHECKING 90.000",
      "price": 574467,
      "rate": 0,
      "serviceCategory": "Periodic Maintenance",
      "vehicleType": "XENIA1.3",
    },
    Object {
      "actual": 1,
      "id": 2946,
      "isActive": true,
      "jobCode": "OTHER",
      "jobDescription": "PERBAIKAN LAINNYA",
      "price": 0,
      "rate": 0,
      "serviceCategory": "General Repair",
      "vehicleType": "XENIA1.3",
    },
  ],
  "location": Array [],
  "parameterConfigApplication": Array [],
  "province": Array [],
  "region": Array [],
  "vehicleBrand": Array [],
  "vehicleTestDrive": Array [],
  "version": "1.0",
}
`;

exports[`Master Data Job service company Can get master data job service company successfully base on spesific vehicleType AYLA - positive test cases 1`] = `18`;

exports[`Master Data Job service company Can get master data job service company successfully base on spesific vehicleType GRANMAX - positive test cases 1`] = `1`;

exports[`Master Data Job service company Can get master data job service company successfully base on spesific vehicleType GRANMAX1.3 - positive test cases 1`] = `16`;

exports[`Master Data Job service company Can get master data job service company successfully base on spesific vehicleType GRANMAX1.5 - positive test cases 1`] = `16`;

exports[`Master Data Job service company Can get master data job service company successfully base on spesific vehicleType LUXIO - positive test cases 1`] = `16`;

exports[`Master Data Job service company Can get master data job service company successfully base on spesific vehicleType OTHERS - positive test cases 1`] = `14`;

exports[`Master Data Job service company Can get master data job service company successfully base on spesific vehicleType SIRION - positive test cases 1`] = `16`;

exports[`Master Data Job service company Can get master data job service company successfully base on spesific vehicleType Sigra 1.0 - positive test cases 1`] = `16`;

exports[`Master Data Job service company Can get master data job service company successfully base on spesific vehicleType Sigra 1.2 - positive test cases 1`] = `16`;

exports[`Master Data Job service company Can get master data job service company successfully base on spesific vehicleType TERIOS - positive test cases 1`] = `20`;

exports[`Master Data Job service company Can get master data job service company successfully base on spesific vehicleType XENIA1.0 - positive test cases 1`] = `16`;

exports[`Master Data Job service company Can get master data job service company successfully base on spesific vehicleType XENIA1.3 - positive test cases 1`] = `16`;
