// Jest Snapshot v1, https://goo.gl/fbAQLP

exports[`Master Data Vehicle Test Drive Can get master data Vehicle test drive successfully - positive test cases 1`] = `
Object {
  "acknowledge": 1,
  "branch": Array [],
  "build": "0",
  "district": Array [],
  "hobbies": Array [],
  "holidayCalendar": Array [],
  "jobService": Array [],
  "jobServiceCompany": Array [],
  "location": Array [],
  "parameterConfigApplication": Array [],
  "province": Array [],
  "region": Array [],
  "vehicleBrand": Array [],
  "vehicleTestDrive": Array [
    Object {
      "branchCode": "D004",
      "branchId": 262,
      "id": 1,
      "isActive": false,
      "isTestDrive": true,
      "modelMaterialId": 0,
      "vehicleBrandId": 77,
      "vehicleType": "TERIOS",
    },
    Object {
      "branchCode": "D004",
      "branchId": 262,
      "id": 2,
      "isActive": true,
      "isTestDrive": true,
      "modelMaterialId": 69,
      "vehicleBrandId": 224,
      "vehicleType": "AYLA A.T",
    },
    Object {
      "branchCode": "D004",
      "branchId": 262,
      "id": 3,
      "isActive": false,
      "isTestDrive": true,
      "modelMaterialId": 0,
      "vehicleBrandId": 87,
      "vehicleType": "GRANMAX1.3",
    },
    Object {
      "branchCode": "D004",
      "branchId": 262,
      "id": 4,
      "isActive": true,
      "isTestDrive": false,
      "modelMaterialId": 64,
      "vehicleBrandId": 88,
      "vehicleType": "GRANMAX1.5",
    },
    Object {
      "branchCode": "D004",
      "branchId": 262,
      "id": 5,
      "isActive": false,
      "isTestDrive": false,
      "modelMaterialId": 0,
      "vehicleBrandId": 93,
      "vehicleType": "LUXIO",
    },
    Object {
      "branchCode": "D004",
      "branchId": 262,
      "id": 6,
      "isActive": true,
      "isTestDrive": true,
      "modelMaterialId": 70,
      "vehicleBrandId": 225,
      "vehicleType": "SIGRA M.T",
    },
    Object {
      "branchCode": "D004",
      "branchId": 262,
      "id": 7,
      "isActive": true,
      "isTestDrive": true,
      "modelMaterialId": 70,
      "vehicleBrandId": 226,
      "vehicleType": "SIGRA A.T",
    },
    Object {
      "branchCode": "D004",
      "branchId": 262,
      "id": 8,
      "isActive": false,
      "isTestDrive": true,
      "modelMaterialId": 0,
      "vehicleBrandId": 90,
      "vehicleType": "SIRION",
    },
    Object {
      "branchCode": "D004",
      "branchId": 262,
      "id": 9,
      "isActive": true,
      "isTestDrive": true,
      "modelMaterialId": 72,
      "vehicleBrandId": 221,
      "vehicleType": "TERIOS A.T",
    },
    Object {
      "branchCode": "D004",
      "branchId": 262,
      "id": 10,
      "isActive": false,
      "isTestDrive": false,
      "modelMaterialId": 0,
      "vehicleBrandId": 91,
      "vehicleType": "XENIA1.0",
    },
    Object {
      "branchCode": "D004",
      "branchId": 262,
      "id": 11,
      "isActive": false,
      "isTestDrive": false,
      "modelMaterialId": 0,
      "vehicleBrandId": 92,
      "vehicleType": "XENIA1.3",
    },
    Object {
      "branchCode": "D005",
      "branchId": 1093,
      "id": 17,
      "isActive": true,
      "isTestDrive": false,
      "modelMaterialId": 0,
      "vehicleBrandId": 77,
      "vehicleType": "TERIOS",
    },
    Object {
      "branchCode": "D005",
      "branchId": 1093,
      "id": 20,
      "isActive": true,
      "isTestDrive": false,
      "modelMaterialId": 0,
      "vehicleBrandId": 123,
      "vehicleType": "Coba3",
    },
    Object {
      "branchCode": "D004",
      "branchId": 262,
      "id": 21,
      "isActive": true,
      "isTestDrive": true,
      "modelMaterialId": 72,
      "vehicleBrandId": 222,
      "vehicleType": "TERIOS M.T",
    },
    Object {
      "branchCode": "D004",
      "branchId": 262,
      "id": 22,
      "isActive": true,
      "isTestDrive": true,
      "modelMaterialId": 69,
      "vehicleBrandId": 223,
      "vehicleType": "AYLA M.T",
    },
  ],
  "version": "1.0",
}
`;

exports[`Master Data Vehicle Test Drive Can get vehicle that eligible for test drive successfully - positive test cases 1`] = `
Object {
  "acknowledge": 1,
  "branch": Array [],
  "build": "0",
  "district": Array [],
  "hobbies": Array [],
  "holidayCalendar": Array [],
  "jobService": Array [],
  "jobServiceCompany": Array [],
  "location": Array [],
  "parameterConfigApplication": Array [],
  "province": Array [],
  "region": Array [],
  "vehicleBrand": Array [],
  "vehicleTestDrive": Array [
    Object {
      "branchCode": "D004",
      "branchId": 262,
      "id": 1,
      "isActive": false,
      "isTestDrive": true,
      "modelMaterialId": 0,
      "vehicleBrandId": 77,
      "vehicleType": "TERIOS",
    },
    Object {
      "branchCode": "D004",
      "branchId": 262,
      "id": 2,
      "isActive": true,
      "isTestDrive": true,
      "modelMaterialId": 69,
      "vehicleBrandId": 224,
      "vehicleType": "AYLA A.T",
    },
    Object {
      "branchCode": "D004",
      "branchId": 262,
      "id": 3,
      "isActive": false,
      "isTestDrive": true,
      "modelMaterialId": 0,
      "vehicleBrandId": 87,
      "vehicleType": "GRANMAX1.3",
    },
    Object {
      "branchCode": "D004",
      "branchId": 262,
      "id": 4,
      "isActive": true,
      "isTestDrive": false,
      "modelMaterialId": 64,
      "vehicleBrandId": 88,
      "vehicleType": "GRANMAX1.5",
    },
    Object {
      "branchCode": "D004",
      "branchId": 262,
      "id": 5,
      "isActive": false,
      "isTestDrive": false,
      "modelMaterialId": 0,
      "vehicleBrandId": 93,
      "vehicleType": "LUXIO",
    },
    Object {
      "branchCode": "D004",
      "branchId": 262,
      "id": 6,
      "isActive": true,
      "isTestDrive": true,
      "modelMaterialId": 70,
      "vehicleBrandId": 225,
      "vehicleType": "SIGRA M.T",
    },
    Object {
      "branchCode": "D004",
      "branchId": 262,
      "id": 7,
      "isActive": true,
      "isTestDrive": true,
      "modelMaterialId": 70,
      "vehicleBrandId": 226,
      "vehicleType": "SIGRA A.T",
    },
    Object {
      "branchCode": "D004",
      "branchId": 262,
      "id": 8,
      "isActive": false,
      "isTestDrive": true,
      "modelMaterialId": 0,
      "vehicleBrandId": 90,
      "vehicleType": "SIRION",
    },
    Object {
      "branchCode": "D004",
      "branchId": 262,
      "id": 9,
      "isActive": true,
      "isTestDrive": true,
      "modelMaterialId": 72,
      "vehicleBrandId": 221,
      "vehicleType": "TERIOS A.T",
    },
    Object {
      "branchCode": "D004",
      "branchId": 262,
      "id": 10,
      "isActive": false,
      "isTestDrive": false,
      "modelMaterialId": 0,
      "vehicleBrandId": 91,
      "vehicleType": "XENIA1.0",
    },
    Object {
      "branchCode": "D004",
      "branchId": 262,
      "id": 11,
      "isActive": false,
      "isTestDrive": false,
      "modelMaterialId": 0,
      "vehicleBrandId": 92,
      "vehicleType": "XENIA1.3",
    },
    Object {
      "branchCode": "D005",
      "branchId": 1093,
      "id": 17,
      "isActive": true,
      "isTestDrive": false,
      "modelMaterialId": 0,
      "vehicleBrandId": 77,
      "vehicleType": "TERIOS",
    },
    Object {
      "branchCode": "D005",
      "branchId": 1093,
      "id": 20,
      "isActive": true,
      "isTestDrive": false,
      "modelMaterialId": 0,
      "vehicleBrandId": 123,
      "vehicleType": "Coba3",
    },
    Object {
      "branchCode": "D004",
      "branchId": 262,
      "id": 21,
      "isActive": true,
      "isTestDrive": true,
      "modelMaterialId": 72,
      "vehicleBrandId": 222,
      "vehicleType": "TERIOS M.T",
    },
    Object {
      "branchCode": "D004",
      "branchId": 262,
      "id": 22,
      "isActive": true,
      "isTestDrive": true,
      "modelMaterialId": 69,
      "vehicleBrandId": 223,
      "vehicleType": "AYLA M.T",
    },
  ],
  "version": "1.0",
}
`;
