// Jest Snapshot v1, https://goo.gl/fbAQLP

exports[`Master Data Province Can get master data Pronvince successfully - positive test cases 1`] = `
Object {
  "acknowledge": 1,
  "branch": Array [],
  "build": "0",
  "district": Array [],
  "hobbies": Array [],
  "holidayCalendar": Array [],
  "jobService": Array [],
  "jobServiceCompany": Array [],
  "location": Array [],
  "parameterConfigApplication": Array [],
  "province": Array [
    Object {
      "id": 36,
      "isActive": true,
      "provinceCode": "1100",
      "provinceName": "NANGGROE ACEH DARUSSALAM",
    },
    Object {
      "id": 37,
      "isActive": true,
      "provinceCode": "1200",
      "provinceName": "SUMATERA UTARA",
    },
    Object {
      "id": 38,
      "isActive": true,
      "provinceCode": "1300",
      "provinceName": "SUMATERA BARAT",
    },
    Object {
      "id": 39,
      "isActive": true,
      "provinceCode": "1400",
      "provinceName": "RIAU",
    },
    Object {
      "id": 40,
      "isActive": true,
      "provinceCode": "1500",
      "provinceName": "JAMBI",
    },
    Object {
      "id": 41,
      "isActive": true,
      "provinceCode": "1600",
      "provinceName": "SUMATERA SELATAN",
    },
    Object {
      "id": 42,
      "isActive": true,
      "provinceCode": "1700",
      "provinceName": "BENGKULU",
    },
    Object {
      "id": 43,
      "isActive": true,
      "provinceCode": "1800",
      "provinceName": "LAMPUNG",
    },
    Object {
      "id": 44,
      "isActive": true,
      "provinceCode": "1900",
      "provinceName": "KEPULAUAN BANGKA BELITUNG",
    },
    Object {
      "id": 45,
      "isActive": true,
      "provinceCode": "2100",
      "provinceName": "KEPULAUAN RIAU",
    },
    Object {
      "id": 46,
      "isActive": true,
      "provinceCode": "3100",
      "provinceName": "DKI JAKARTA",
    },
    Object {
      "id": 47,
      "isActive": true,
      "provinceCode": "3200",
      "provinceName": "JAWA BARAT",
    },
    Object {
      "id": 48,
      "isActive": true,
      "provinceCode": "3300",
      "provinceName": "JAWA TENGAH",
    },
    Object {
      "id": 49,
      "isActive": true,
      "provinceCode": "3400",
      "provinceName": "DAERAH ISTIMEWA YOGYAKARTA",
    },
    Object {
      "id": 50,
      "isActive": true,
      "provinceCode": "3500",
      "provinceName": "JAWA TIMUR",
    },
    Object {
      "id": 51,
      "isActive": true,
      "provinceCode": "3600",
      "provinceName": "BANTEN",
    },
    Object {
      "id": 52,
      "isActive": true,
      "provinceCode": "5100",
      "provinceName": "BALI",
    },
    Object {
      "id": 53,
      "isActive": true,
      "provinceCode": "5200",
      "provinceName": "NUSA TENGGARA BARAT",
    },
    Object {
      "id": 54,
      "isActive": true,
      "provinceCode": "5300",
      "provinceName": "NUSA TENGGARA TIMUR",
    },
    Object {
      "id": 55,
      "isActive": true,
      "provinceCode": "6100",
      "provinceName": "KALIMANTAN BARAT",
    },
    Object {
      "id": 56,
      "isActive": true,
      "provinceCode": "6200",
      "provinceName": "KALIMANTAN TENGAH",
    },
    Object {
      "id": 57,
      "isActive": true,
      "provinceCode": "6300",
      "provinceName": "KALIMANTAN SELATAN",
    },
    Object {
      "id": 58,
      "isActive": true,
      "provinceCode": "6400",
      "provinceName": "KALIMANTAN TIMUR",
    },
    Object {
      "id": 59,
      "isActive": true,
      "provinceCode": "7100",
      "provinceName": "SULAWESI UTARA",
    },
    Object {
      "id": 60,
      "isActive": true,
      "provinceCode": "7200",
      "provinceName": "SULAWESI TENGAH",
    },
    Object {
      "id": 61,
      "isActive": true,
      "provinceCode": "7300",
      "provinceName": "SULAWESI SELATAN",
    },
    Object {
      "id": 62,
      "isActive": true,
      "provinceCode": "7400",
      "provinceName": "SULAWESI TENGGARA",
    },
    Object {
      "id": 63,
      "isActive": true,
      "provinceCode": "7500",
      "provinceName": "GORONTALO",
    },
    Object {
      "id": 64,
      "isActive": true,
      "provinceCode": "7600",
      "provinceName": "SULAWESI BARAT",
    },
    Object {
      "id": 65,
      "isActive": true,
      "provinceCode": "8100",
      "provinceName": "MALUKU",
    },
    Object {
      "id": 66,
      "isActive": true,
      "provinceCode": "8200",
      "provinceName": "MALUKU UTARA",
    },
    Object {
      "id": 67,
      "isActive": true,
      "provinceCode": "9100",
      "provinceName": "PAPUA BARAT",
    },
    Object {
      "id": 68,
      "isActive": true,
      "provinceCode": "9400",
      "provinceName": "PAPUA",
    },
    Object {
      "id": 69,
      "isActive": true,
      "provinceCode": "6500",
      "provinceName": "KALIMANTAN UTARA",
    },
  ],
  "region": Array [],
  "vehicleBrand": Array [],
  "vehicleTestDrive": Array [],
  "version": "1.0",
}
`;
